Component: ARM Compiler 5.05 (build 41) Tool: armlink [4d0eb9]

==============================================================================

Section Cross References

    main.o(i.main) refers to uart.o(i.USART1Conf) for USART1Conf
    main.o(i.main) refers to uart.o(i.PutDbgStrln) for PutDbgStrln
    main.o(i.main) refers to interface.o(i.delay_init) for delay_init
    main.o(i.main) refers to interface.o(i.GPIOCLKInit) for GPIOCLKInit
    main.o(i.main) refers to interface.o(i.UserLEDInit) for UserLEDInit
    main.o(i.main) refers to lcd1602.o(i.LCD1602Init) for LCD1602Init
    main.o(i.main) refers to interface.o(i.TIM2_Init) for TIM2_Init
    main.o(i.main) refers to motor.o(i.MotorInit) for MotorInit
    main.o(i.main) refers to interface.o(i.ServoInit) for ServoInit
    main.o(i.main) refers to serialportapi.o(i.UartBegin) for UartBegin
    main.o(i.main) refers to esp8266.o(i.delay) for delay
    main.o(i.main) refers to esp8266.o(i.SetBaud) for SetBaud
    main.o(i.main) refers to esp8266.o(i.WifiInit) for WifiInit
    main.o(i.main) refers to serialportapi.o(i.SerialAvailable) for SerialAvailable
    main.o(i.main) refers to esp8266.o(i.recv) for recv
    main.o(i.main) refers to interface.o(i.LEDToggle) for LEDToggle
    main.o(i.main) refers to esp8266.o(i.getSystemStatus) for getSystemStatus
    main.o(i.main) refers to motor.o(i.CarStop) for CarStop
    main.o(i.main) refers to motor.o(i.CarGo) for CarGo
    main.o(i.main) refers to motor.o(i.CarBack) for CarBack
    main.o(i.main) refers to motor.o(i.CarLeft) for CarLeft
    main.o(i.main) refers to motor.o(i.CarRight) for CarRight
    main.o(i.main) refers to lcd1602.o(i.LCD1602WriteCommand) for LCD1602WriteCommand
    main.o(i.main) refers to main.o(.data) for .data
    main.o(i.main) refers to uart.o(i.PutChar) for PutChar
    main.o(i.main) refers to uart.o(i.USART3Conf) for USART3Conf
    main.o(i.main) refers to main.o(.bss) for .bss
    stm32f10x_it.o(i.TIM2_IRQHandler) refers to stm32f10x_tim.o(i.TIM_GetITStatus) for TIM_GetITStatus
    stm32f10x_it.o(i.TIM2_IRQHandler) refers to stm32f10x_tim.o(i.TIM_ClearITPendingBit) for TIM_ClearITPendingBit
    stm32f10x_it.o(i.TIM2_IRQHandler) refers to esp8266.o(i.timer1msINT) for timer1msINT
    stm32f10x_it.o(i.TIM2_IRQHandler) refers to motor.o(i.CarMove) for CarMove
    stm32f10x_it.o(i.TIM2_IRQHandler) refers to main.o(.data) for tick_1ms
    stm32f10x_it.o(i.TIM2_IRQHandler) refers to main.o(.data) for speed_count
    stm32f10x_it.o(i.TIM2_IRQHandler) refers to main.o(.data) for tick_5ms
    stm32f10x_it.o(i.USART3_IRQHandler) refers to stm32f10x_usart.o(i.USART_GetITStatus) for USART_GetITStatus
    stm32f10x_it.o(i.USART3_IRQHandler) refers to stm32f10x_usart.o(i.USART_ClearITPendingBit) for USART_ClearITPendingBit
    stm32f10x_it.o(i.USART3_IRQHandler) refers to stm32f10x_usart.o(i.USART_ReceiveData) for USART_ReceiveData
    stm32f10x_it.o(i.USART3_IRQHandler) refers to serialportapi.o(i.SerialInt) for SerialInt
    uart.o(i.PutChar) refers to stm32f10x_usart.o(i.USART_SendData) for USART_SendData
    uart.o(i.PutChar) refers to stm32f10x_usart.o(i.USART_GetFlagStatus) for USART_GetFlagStatus
    uart.o(i.PutDbgStrln) refers to stm32f10x_usart.o(i.USART_SendData) for USART_SendData
    uart.o(i.PutDbgStrln) refers to stm32f10x_usart.o(i.USART_GetFlagStatus) for USART_GetFlagStatus
    uart.o(i.PutNChar) refers to stm32f10x_usart.o(i.USART_GetFlagStatus) for USART_GetFlagStatus
    uart.o(i.PutNChar) refers to stm32f10x_usart.o(i.USART_SendData) for USART_SendData
    uart.o(i.PutStr) refers to stm32f10x_usart.o(i.USART_SendData) for USART_SendData
    uart.o(i.PutStr) refers to stm32f10x_usart.o(i.USART_GetFlagStatus) for USART_GetFlagStatus
    uart.o(i.USART1Conf) refers to stm32f10x_rcc.o(i.RCC_APB2PeriphClockCmd) for RCC_APB2PeriphClockCmd
    uart.o(i.USART1Conf) refers to stm32f10x_gpio.o(i.GPIO_Init) for GPIO_Init
    uart.o(i.USART1Conf) refers to stm32f10x_usart.o(i.USART_Init) for USART_Init
    uart.o(i.USART1Conf) refers to stm32f10x_usart.o(i.USART_Cmd) for USART_Cmd
    uart.o(i.USART1Conf) refers to stm32f10x_usart.o(i.USART_ClearFlag) for USART_ClearFlag
    uart.o(i.USART3Conf) refers to stm32f10x_rcc.o(i.RCC_APB1PeriphClockCmd) for RCC_APB1PeriphClockCmd
    uart.o(i.USART3Conf) refers to stm32f10x_rcc.o(i.RCC_APB2PeriphClockCmd) for RCC_APB2PeriphClockCmd
    uart.o(i.USART3Conf) refers to stm32f10x_gpio.o(i.GPIO_Init) for GPIO_Init
    uart.o(i.USART3Conf) refers to stm32f10x_usart.o(i.USART_Init) for USART_Init
    uart.o(i.USART3Conf) refers to stm32f10x_usart.o(i.USART_ITConfig) for USART_ITConfig
    uart.o(i.USART3Conf) refers to stm32f10x_usart.o(i.USART_Cmd) for USART_Cmd
    uart.o(i.USART3Conf) refers to stm32f10x_usart.o(i.USART_ClearFlag) for USART_ClearFlag
    uart.o(i.USART3Conf) refers to misc.o(i.NVIC_PriorityGroupConfig) for NVIC_PriorityGroupConfig
[...]
    ../clib/libinit.s                        0x00000000   Number         0  libshutdown2.o ABSOLUTE
    ../clib/libinit.s                        0x00000000   Number         0  libinit.o ABSOLUTE
    ../clib/libinit.s                        0x00000000   Number         0  libinit2.o ABSOLUTE
    ../clib/locale.s                         0x00000000   Number         0  lc_ctype_c.o ABSOLUTE
    ../clib/memcpset.s                       0x00000000   Number         0  rt_memclr.o ABSOLUTE
    ../clib/memcpset.s                       0x00000000   Number         0  rt_memcpy_w.o ABSOLUTE
    ../clib/memcpset.s                       0x00000000   Number         0  strcmpv7m.o ABSOLUTE
    ../clib/memcpset.s                       0x00000000   Number         0  rt_memclr_w.o ABSOLUTE
    ../clib/memcpset.s                       0x00000000   Number         0  strncpy.o ABSOLUTE
    ../clib/printf.c                         0x00000000   Number         0  __printf_flags_wp.o ABSOLUTE
    ../clib/printf.c                         0x00000000   Number         0  _sputc.o ABSOLUTE
    ../clib/printf.c                         0x00000000   Number         0  _printf_char_common.o ABSOLUTE
    ../clib/printf.c                         0x00000000   Number         0  _printf_intcommon.o ABSOLUTE
    ../clib/printf.c                         0x00000000   Number         0  __printf_wp.o ABSOLUTE
    ../clib/printf.c                         0x00000000   Number         0  __printf_flags_ss.o ABSOLUTE
    ../clib/printf.c                         0x00000000   Number         0  __printf_ss.o ABSOLUTE
    ../clib/printf.c                         0x00000000   Number         0  __printf_flags.o ABSOLUTE
    ../clib/printf.c                         0x00000000   Number         0  __printf.o ABSOLUTE
    ../clib/printf.c                         0x00000000   Number         0  __printf_nopercent.o ABSOLUTE
    ../clib/printf.c                         0x00000000   Number         0  __printf_ss_wp.o ABSOLUTE
    ../clib/printf.c                         0x00000000   Number         0  _printf_dec.o ABSOLUTE
    ../clib/printf.c                         0x00000000   Number         0  __2sprintf.o ABSOLUTE
    ../clib/printf.c                         0x00000000   Number         0  __printf_flags_ss_wp.o ABSOLUTE
    ../clib/printf.c                         0x00000000   Number         0  noretval__2sprintf.o ABSOLUTE
    ../clib/printf_percent.s                 0x00000000   Number         0  _printf_percent_end.o ABSOLUTE
    ../clib/printf_percent.s                 0x00000000   Number         0  _printf_d.o ABSOLUTE
    ../clib/printf_percent.s                 0x00000000   Number         0  _printf_percent.o ABSOLUTE
    ../clib/scanf.c                          0x00000000   Number         0  strtol.o ABSOLUTE
    ../clib/scanf.c                          0x00000000   Number         0  _strtoul.o ABSOLUTE
    ../clib/scanf.c                          0x00000000   Number         0  _chval.o ABSOLUTE
    ../clib/scanf.c                          0x00000000   Number         0  atoi.o ABSOLUTE
    ../clib/signal.c                         0x00000000   Number         0  defsig_rtred_inner.o ABSOLUTE
    ../clib/signal.c                         0x00000000   Number         0  defsig_stak_inner.o ABSOLUTE
    ../clib/signal.c                         0x00000000   Number         0  defsig_pvfn_inner.o ABSOLUTE
    ../clib/signal.c                         0x00000000   Number         0  defsig_cppl_inner.o ABSOLUTE
    ../clib/signal.c                         0x00000000   Number         0  defsig_segv_inner.o ABSOLUTE
    ../clib/signal.c                         0x00000000   Number         0  defsig_exit.o ABSOLUTE
    ../clib/signal.c                         0x00000000   Number         0  defsig_other.o ABSOLUTE
    ../clib/signal.c                         0x00000000   Number         0  defsig_rtmem_formal.o ABSOLUTE
    ../clib/signal.c                         0x00000000   Number         0  defsig_rtmem_outer.o ABSOLUTE
    ../clib/signal.c                         0x00000000   Number         0  defsig_rtmem_inner.o ABSOLUTE
    ../clib/signal.c                         0x00000000   Number         0  __raise.o ABSOLUTE
    ../clib/signal.c                         0x00000000   Number         0  defsig_abrt_inner.o ABSOLUTE
    ../clib/signal.c                         0x00000000   Number         0  defsig_fpe_inner.o ABSOLUTE
    ../clib/signal.c                         0x00000000   Number         0  defsig_general.o ABSOLUTE
    ../clib/signal.s                         0x00000000   Number         0  defsig.o ABSOLUTE
    ../clib/stdlib.c                         0x00000000   Number         0  exit.o ABSOLUTE
    ../clib/string.c                         0x00000000   Number         0  strlen.o ABSOLUTE
    ../clib/string.c                         0x00000000   Number         0  strstr.o ABSOLUTE
    ../clib/string.c                         0x00000000   Number         0  strchr.o ABSOLUTE
    ../fplib/fpinit.s                        0x00000000   Number         0  fpinit.o ABSOLUTE
    CMSIS\\core_cm3.c                        0x00000000   Number         0  core_cm3.o ABSOLUTE
    CMSIS\core_cm3.c                         0x00000000   Number         0  core_cm3.o ABSOLUTE
    CMSIS\system_stm32f10x.c                 0x00000000   Number         0  system_stm32f10x.o ABSOLUTE
    ESP8266.c                                0x00000000   Number         0  esp8266.o ABSOLUTE
    IRCtrol.c                                0x00000000   Number         0  irctrol.o ABSOLUTE
    LCD1602.c                                0x00000000   Number         0  lcd1602.o ABSOLUTE
    StdPeriph_Driver\src\misc.c              0x00000000   Number         0  misc.o ABSOLUTE
    StdPeriph_Driver\src\stm32f10x_adc.c     0x00000000   Number         0  stm32f10x_adc.o ABSOLUTE
    StdPeriph_Driver\src\stm32f10x_bkp.c     0x00000000   Number         0  stm32f10x_bkp.o ABSOLUTE
    StdPeriph_Driver\src\stm32f10x_can.c     0x00000000   Number         0  stm32f10x_can.o ABSOLUTE
    StdPeriph_Driver\src\stm32f10x_cec.c     0x00000000   Number         0  stm32f10x_cec.o ABSOLUTE
    StdPeriph_Driver\src\stm32f10x_crc.c     0x00000000   Number         0  stm32f10x_crc.o ABSOLUTE
    StdPeriph_Driver\src\stm32f10x_dac.c     0x00000000   Number         0  stm32f10x_dac.o ABSOLUTE
    StdPeriph_Driver\src\stm32f10x_dbgmcu.c  0x00000000   Number         0  stm32f10x_dbgmcu.o ABSOLUTE
    StdPeriph_Driver\src\stm32f10x_dma.c     0x00000000   Number         0  stm32f10x_dma.o ABSOLUTE
    StdPeriph_Driver\src\stm32f10x_exti.c    0x00000000   Number         0  stm32f10x_exti.o ABSOLUTE
    StdPeriph_Driver\src\stm32f10x_flash.c   0x00000000   Number         0  stm32f10x_flash.o ABSOLUTE
    StdPeriph_Driver\src\stm32f10x_fsmc.c    0x00000000   Number         0  stm32f10x_fsmc.o ABSOLUTE
    StdPeriph_Driver\src\stm32f10x_gpio.c    0x00000000   Number         0  stm32f10x_gpio.o ABSOLUTE
    StdPeriph_Driver\src\stm32f10x_i2c.c     0x00000000   Number         0  stm32f10x_i2c.o ABSOLUTE
    StdPeriph_Driver\src\stm32f10x_iwdg.c    0x00000000   Number         0  stm32f10x_iwdg.o ABSOLUTE
    StdPeriph_Driver\src\stm32f10x_pwr.c     0x00000000   Number         0  stm32f10x_pwr.o ABSOLUTE
    StdPeriph_Driver\src\stm32f10x_rcc.c     0x00000000   Number         0  stm32f10x_rcc.o ABSOLUTE
    StdPeriph_Driver\src\stm32f10x_rtc.c     0x00000000   Number         0  stm32f10x_rtc.o ABSOLUTE
    StdPeriph_Driver\src\stm32f10x_sdio.c    0x00000000   Number         0  stm32f10x_sdio.o ABSOLUTE
    StdPeriph_Driver\src\stm32f10x_spi.c     0x00000000   Number         0  stm32f10x_spi.o ABSOLUTE
    StdPeriph_Driver\src\stm32f10x_tim.c     0x00000000   Number         0  stm32f10x_tim.o ABSOLUTE
    StdPeriph_Driver\src\stm32f10x_usart.c   0x00000000   Number         0  stm32f10x_usart.o ABSOLUTE
    StdPeriph_Driver\src\stm32f10x_wwdg.c    0x00000000   Number         0  stm32f10x_wwdg.o ABSOLUTE
    dc.s                                     0x00000000   Number         0  dc.o ABSOLUTE
    interface.c                              0x00000000   Number         0  interface.o ABSOLUTE
    main.c                                   0x00000000   Number         0  main.o ABSOLUTE
    motor.c                                  0x00000000   Number         0  motor.o ABSOLUTE
    serialportAPI.c                          0x00000000   Number         0  serialportapi.o ABSOLUTE
    startup_stm32f10x_hd.s                   0x00000000   Number         0  startup_stm32f10x_hd.o ABSOLUTE
    stm32f10x_it.c                           0x00000000   Number         0  stm32f10x_it.o ABSOLUTE
    stringAPIext.c                           0x00000000   Number         0  stringapiext.o ABSOLUTE
    uart.c                                   0x00000000   Number         0  uart.o ABSOLUTE
    RESET                                    0x08000000   Section      304  startup_stm32f10x_hd.o(RESET)
    !!!main                                  0x08000130   Section        8  __main.o(!!!main)
    !!!scatter                               0x08000138   Section       52  __scatter.o(!!!scatter)
    !!handler_copy                           0x0800016c   Section       26  __scatter_copy.o(!!handler_copy)
    !!handler_zi                             0x08000188   Section       28  __scatter_zi.o(!!handler_zi)
    .ARM.Collect$$_printf_percent$$00000000  0x080001a4   Section        0  _printf_percent.o(.ARM.Collect$$_printf_percent$$00000000)
    .ARM.Collect$$_printf_percent$$00000009  0x080001a4   Section        6  _printf_d.o(.ARM.Collect$$_printf_percent$$00000009)
    .ARM.Collect$$_printf_percent$$00000017  0x080001aa   Section        4  _printf_percent_end.o(.ARM.Collect$$_printf_percent$$00000017)
    .ARM.Collect$$libinit$$00000000          0x080001ae   Section        2  libinit.o(.ARM.Collect$$libinit$$00000000)
    .ARM.Collect$$libinit$$00000002          0x080001b0   Section        0  libinit2.o(.ARM.Collect$$libinit$$00000002)
    .ARM.Collect$$libinit$$00000004          0x080001b0   Section        0  libinit2.o(.ARM.Collect$$libinit$$00000004)
    .ARM.Collect$$libinit$$00000005          0x080001b0   Section        8  libinit2.o(.ARM.Collect$$libinit$$00000005)
    .ARM.Collect$$libinit$$0000000A          0x080001b8   Section        0  libinit2.o(.ARM.Collect$$libinit$$0000000A)
    .ARM.Collect$$libinit$$0000000C          0x080001b8   Section        0  libinit2.o(.ARM.Collect$$libinit$$0000000C)
    .ARM.Collect$$libinit$$0000000E          0x080001b8   Section        0  libinit2.o(.ARM.Collect$$libinit$$0000000E)
    .ARM.Collect$$libinit$$0000000F          0x080001b8   Section        6  libinit2.o(.ARM.Collect$$libinit$$0000000F)
    .ARM.Collect$$libinit$$00000011          0x080001be   Section        0  libinit2.o(.ARM.Collect$$libinit$$00000011)
    .ARM.Collect$$libinit$$00000012          0x080001be   Section       12  libinit2.o(.ARM.Collect$$libinit$$00000012)
    .ARM.Collect$$libinit$$00000013          0x080001ca   Section        0  libinit2.o(.ARM.Collect$$libinit$$00000013)
    .ARM.Collect$$libinit$$00000015          0x080001ca   Section        0  libinit2.o(.ARM.Collect$$libinit$$00000015)
    .ARM.Collect$$libinit$$00000017          0x080001ca   Section        0  libinit2.o(.ARM.Collect$$libinit$$00000017)
    .ARM.Collect$$libinit$$00000019          0x080001ca   Section        0  libinit2.o(.ARM.Collect$$libinit$$00000019)
    .ARM.Collect$$libinit$$0000001B          0x080001ca   Section        0  libinit2.o(.ARM.Collect$$libinit$$0000001B)
    .ARM.Collect$$libinit$$0000001D          0x080001ca   Section        0  libinit2.o(.ARM.Collect$$libinit$$0000001D)
    .ARM.Collect$$libinit$$0000001F          0x080001ca   Section        0  libinit2.o(.ARM.Collect$$libinit$$0000001F)
    .ARM.Collect$$libinit$$00000021          0x080001ca   Section        0  libinit2.o(.ARM.Collect$$libinit$$00000021)
    .ARM.Collect$$libinit$$00000023          0x080001ca   Section        0  libinit2.o(.ARM.Collect$$libinit$$00000023)
    .ARM.Collect$$libinit$$00000025          0x080001ca   Section        0  libinit2.o(.ARM.Collect$$libinit$$00000025)
    .ARM.Collect$$libinit$$0000002C          0x080001ca   Section        0  libinit2.o(.ARM.Collect$$libinit$$0000002C)
    .ARM.Collect$$libinit$$0000002E          0x080001ca   Section        0  libinit2.o(.ARM.Collect$$libinit$$0000002E)
    .ARM.Collect$$libinit$$00000030          0x080001ca   Section        0  libinit2.o(.ARM.Collect$$libinit$$00000030)
    .ARM.Collect$$libinit$$00000032          0x080001ca   Section        0  libinit2.o(.ARM.Collect$$libinit$$00000032)
    .ARM.Collect$$libinit$$00000033          0x080001ca   Section        2  libinit2.o(.ARM.Collect$$libinit$$00000033)
    .ARM.Collect$$libshutdown$$00000000      0x080001cc   Section        2  libshutdown.o(.ARM.Collect$$libshutdown$$00000000)
    .ARM.Collect$$libshutdown$$00000003      0x080001ce   Section        0  libshutdown2.o(.ARM.Collect$$libshutdown$$00000003)
    .ARM.Collect$$libshutdown$$00000006      0x080001ce   Section        0  libshutdown2.o(.ARM.Collect$$libshutdown$$00000006)
    .ARM.Collect$$libshutdown$$00000009      0x080001ce   Section        0  libshutdown2.o(.ARM.Collect$$libshutdown$$00000009)
    .ARM.Collect$$libshutdown$$0000000B      0x080001ce   Section        0  libshutdown2.o(.ARM.Collect$$libshutdown$$0000000B)
    .ARM.Collect$$libshutdown$$0000000E      0x080001ce   Section        0  libshutdown2.o(.ARM.Collect$$libshutdown$$0000000E)
    .ARM.Collect$$libshutdown$$0000000F      0x080001ce   Section        2  libshutdown2.o(.ARM.Collect$$libshutdown$$0000000F)
    .ARM.Collect$$rtentry$$00000000          0x080001d0   Section        0  __rtentry.o(.ARM.Collect$$rtentry$$00000000)
    .ARM.Collect$$rtentry$$00000002          0x080001d0   Section        0  __rtentry2.o(.ARM.Collect$$rtentry$$00000002)
    .ARM.Collect$$rtentry$$00000004          0x080001d0   Section        6  __rtentry4.o(.ARM.Collect$$rtentry$$00000004)
    .ARM.Collect$$rtentry$$00000009          0x080001d6   Section        0  __rtentry2.o(.ARM.Collect$$rtentry$$00000009)
    .ARM.Collect$$rtentry$$0000000A          0x080001d6   Section        4  __rtentry2.o(.ARM.Collect$$rtentry$$0000000A)
    .ARM.Collect$$rtentry$$0000000C          0x080001da   Section        0  __rtentry2.o(.ARM.Collect$$rtentry$$0000000C)
    .ARM.Collect$$rtentry$$0000000D          0x080001da   Section        8  __rtentry2.o(.ARM.Collect$$rtentry$$0000000D)
    .ARM.Collect$$rtexit$$00000000           0x080001e2   Section        2  rtexit.o(.ARM.Collect$$rtexit$$00000000)
    .ARM.Collect$$rtexit$$00000002           0x080001e4   Section        0  rtexit2.o(.ARM.Collect$$rtexit$$00000002)
    .ARM.Collect$$rtexit$$00000003           0x080001e4   Section        4  rtexit2.o(.ARM.Collect$$rtexit$$00000003)
    .ARM.Collect$$rtexit$$00000004           0x080001e8   Section        6  rtexit2.o(.ARM.Collect$$rtexit$$00000004)
    .emb_text                                0x080001f0   Section        0  maybetermalloc1.o(.emb_text)
    .text                                    0x080001f0   Section       64  startup_stm32f10x_hd.o(.text)
    .text                                    0x08000230   Section        0  h1_alloc.o(.text)
    .text                                    0x0800028e   Section        0  h1_free.o(.text)
    .text                                    0x080002dc   Section        0  noretval__2sprintf.o(.text)
    .text                                    0x08000304   Section        0  __printf.o(.text)
    .text                                    0x0800036c   Section        0  _printf_dec.o(.text)
    .text                                    0x080003e4   Section        0  atoi.o(.text)
    .text                                    0x080003fe   Section        0  strchr.o(.text)
    .text                                    0x08000412   Section        0  strstr.o(.text)
    .text                                    0x08000436   Section        0  strlen.o(.text)
    .text                                    0x08000474   Section       86  strncpy.o(.text)
    .text                                    0x080004ca   Section        0  heapauxi.o(.text)
    .text                                    0x080004d0   Section        8  rt_heap_descriptor_intlibspace.o(.text)
    .text                                    0x080004d8   Section        8  rt_errno_addr_intlibspace.o(.text)
    .text                                    0x080004e0   Section        0  hguard.o(.text)
    .text                                    0x080004e4   Section        0  init_alloc.o(.text)
    .text                                    0x0800056e   Section        0  h1_init.o(.text)
    .text                                    0x0800057c   Section        0  _printf_intcommon.o(.text)
    .text                                    0x08000630   Section        0  _printf_char_common.o(.text)
    _printf_input_char                       0x08000631   Thumb Code    10  _printf_char_common.o(.text)
    .text                                    0x08000660   Section        0  _sputc.o(.text)
    .text                                    0x0800066a   Section        0  strtol.o(.text)
    .text                                    0x080006da   Section       68  rt_memclr.o(.text)
    .text                                    0x08000720   Section        8  libspace.o(.text)
    .text                                    0x08000728   Section       16  rt_ctype_table.o(.text)
    .text                                    0x08000738   Section        0  h1_extend.o(.text)
    .text                                    0x0800076c   Section        0  _strtoul.o(.text)
    .text                                    0x0800080a   Section        0  defsig_rtmem_outer.o(.text)
    .text                                    0x08000818   Section       78  rt_memclr_w.o(.text)
    .text                                    0x08000866   Section        2  use_no_semi.o(.text)
    .text                                    0x08000868   Section       74  sys_stackheap_outer.o(.text)
    .text                                    0x08000868   Section        0  indicate_semi.o(.text)
    .text                                    0x080008b4   Section        8  rt_locale_intlibspace.o(.text)
    .text                                    0x080008bc   Section        0  _chval.o(.text)
    .text                                    0x080008d8   Section        0  exit.o(.text)
    .text                                    0x080008e4   Section        0  defsig_exit.o(.text)
    .text                                    0x080008f0   Section        0  defsig_rtmem_inner.o(.text)
    .text                                    0x08000940   Section        0  sys_exit.o(.text)
    .text                                    0x0800094c   Section        0  defsig_general.o(.text)
    .text                                    0x08000980   Section      128  strcmpv7m.o(.text)
    .text                                    0x08000a00   Section        0  sys_wrch.o(.text)
    i.BusFault_Handler                       0x08000a0e   Section        0  stm32f10x_it.o(i.BusFault_Handler)
    i.CarBack                                0x08000a10   Section        0  motor.o(i.CarBack)
    i.CarGo                                  0x08000a38   Section        0  motor.o(i.CarGo)
    i.CarLeft                                0x08000a5c   Section        0  motor.o(i.CarLeft)
    i.CarMove                                0x08000a88   Section        0  motor.o(i.CarMove)
    i.CarRight                               0x08000bd0   Section        0  motor.o(i.CarRight)
    i.CarStop                                0x08000bfc   Section        0  motor.o(i.CarStop)
    i.ClearRxBuf                             0x08000c20   Section        0  serialportapi.o(i.ClearRxBuf)
    i.DebugMon_Handler                       0x08000c30   Section        0  stm32f10x_it.o(i.DebugMon_Handler)
    i.Delay_us                               0x08000c32   Section        0  interface.o(i.Delay_us)
    i.Delayms                                0x08000c52   Section        0  interface.o(i.Delayms)
    i.GPIOCLKInit                            0x08000c68   Section        0  interface.o(i.GPIOCLKInit)
    i.GPIO_Init                              0x08000ca6   Section        0  stm32f10x_gpio.o(i.GPIO_Init)
    i.GPIO_ResetBits                         0x08000d42   Section        0  stm32f10x_gpio.o(i.GPIO_ResetBits)
    i.GPIO_SetBits                           0x08000d46   Section        0  stm32f10x_gpio.o(i.GPIO_SetBits)
    i.HardFault_Handler                      0x08000d4a   Section        0  stm32f10x_it.o(i.HardFault_Handler)
    i.LCD1602Init                            0x08000d4c   Section        0  lcd1602.o(i.LCD1602Init)
    i.LCD1602PortInit                        0x08000db0   Section        0  lcd1602.o(i.LCD1602PortInit)
    i.LCD1602WriteCommand                    0x08000e1c   Section        0  lcd1602.o(i.LCD1602WriteCommand)
    i.LEDToggle                              0x08000e30   Section        0  interface.o(i.LEDToggle)
    i.LcdWriteCom                            0x08000e40   Section        0  lcd1602.o(i.LcdWriteCom)
    i.LcdWriteDate                           0x08000ea4   Section        0  lcd1602.o(i.LcdWriteDate)
    i.MemManage_Handler                      0x08000f08   Section        0  stm32f10x_it.o(i.MemManage_Handler)
    i.MotorGPIO_Configuration                0x08000f0c   Section        0  motor.o(i.MotorGPIO_Configuration)
    i.MotorInit                              0x08000f9c   Section        0  motor.o(i.MotorInit)
    i.NMI_Handler                            0x08000faa   Section        0  stm32f10x_it.o(i.NMI_Handler)
    i.NVIC_Init                              0x08000fac   Section        0  misc.o(i.NVIC_Init)
    i.NVIC_PriorityGroupConfig               0x08001010   Section        0  misc.o(i.NVIC_PriorityGroupConfig)
    i.PendSV_Handler                         0x08001024   Section        0  stm32f10x_it.o(i.PendSV_Handler)
    i.PutChar                                0x08001028   Section        0  uart.o(i.PutChar)
    i.PutDbgStrln                            0x08001048   Section        0  uart.o(i.PutDbgStrln)
    i.RCC_APB1PeriphClockCmd                 0x0800109c   Section        0  stm32f10x_rcc.o(i.RCC_APB1PeriphClockCmd)
    i.RCC_APB2PeriphClockCmd                 0x080010b4   Section        0  stm32f10x_rcc.o(i.RCC_APB2PeriphClockCmd)
    i.RCC_GetClocksFreq                      0x080010cc   Section        0  stm32f10x_rcc.o(i.RCC_GetClocksFreq)
    i.SVC_Handler                            0x08001160   Section        0  stm32f10x_it.o(i.SVC_Handler)
    i.SerialAvailable                        0x08001164   Section        0  serialportapi.o(i.SerialAvailable)
    i.SerialInt                              0x08001180   Section        0  serialportapi.o(i.SerialInt)
    i.SerialPrint                            0x080011c0   Section        0  serialportapi.o(i.SerialPrint)
    i.SerialPrintln                          0x08001208   Section        0  serialportapi.o(i.SerialPrintln)
    i.SerialRead                             0x08001224   Section        0  serialportapi.o(i.SerialRead)
    i.ServoInit                              0x08001258   Section        0  interface.o(i.ServoInit)
    i.SetBaud                                0x08001288   Section        0  esp8266.o(i.SetBaud)
    i.SetSysClockTo72                        0x080012d0   Section        0  system_stm32f10x.o(i.SetSysClockTo72)
    SetSysClockTo72                          0x080012d1   Thumb Code   160  system_stm32f10x.o(i.SetSysClockTo72)
    i.StringAddchar                          0x08001378   Section        0  stringapiext.o(i.StringAddchar)
    i.StringIndex                            0x0800138c   Section        0  stringapiext.o(i.StringIndex)
    i.StringIndexCharOffset                  0x080013a0   Section        0  stringapiext.o(i.StringIndexCharOffset)
    i.StringLenth                            0x080013ca   Section        0  stringapiext.o(i.StringLenth)
    i.StringSubstring                        0x080013ce   Section        0  stringapiext.o(i.StringSubstring)
    i.SysTick_Handler                        0x0800140a   Section        0  stm32f10x_it.o(i.SysTick_Handler)
    i.SystemInit                             0x0800140c   Section        0  system_stm32f10x.o(i.SystemInit)
    i.TIM2_IRQHandler                        0x0800144c   Section        0  stm32f10x_it.o(i.TIM2_IRQHandler)
    i.TIM2_Init                              0x080014a8   Section        0  interface.o(i.TIM2_Init)
    i.TIM_ClearITPendingBit                  0x0800150a   Section        0  stm32f10x_tim.o(i.TIM_ClearITPendingBit)
    i.TIM_Cmd                                0x08001510   Section        0  stm32f10x_tim.o(i.TIM_Cmd)
    i.TIM_GetITStatus                        0x08001524   Section        0  stm32f10x_tim.o(i.TIM_GetITStatus)
    i.TIM_ITConfig                           0x0800153c   Section        0  stm32f10x_tim.o(i.TIM_ITConfig)
    i.TIM_TimeBaseInit                       0x0800154c   Section        0  stm32f10x_tim.o(i.TIM_TimeBaseInit)
    i.USART1Conf                             0x080015e8   Section        0  uart.o(i.USART1Conf)
    i.USART3Conf                             0x0800166c   Section        0  uart.o(i.USART3Conf)
    i.USART3_IRQHandler                      0x08001724   Section        0  stm32f10x_it.o(i.USART3_IRQHandler)
    i.USART_ClearFlag                        0x08001758   Section        0  stm32f10x_usart.o(i.USART_ClearFlag)
    i.USART_ClearITPendingBit                0x0800175e   Section        0  stm32f10x_usart.o(i.USART_ClearITPendingBit)
    i.USART_Cmd                              0x0800176a   Section        0  stm32f10x_usart.o(i.USART_Cmd)
    i.USART_GetFlagStatus                    0x0800177e   Section        0  stm32f10x_usart.o(i.USART_GetFlagStatus)
    i.USART_GetITStatus                      0x0800178c   Section        0  stm32f10x_usart.o(i.USART_GetITStatus)
    i.USART_ITConfig                         0x080017ca   Section        0  stm32f10x_usart.o(i.USART_ITConfig)
    i.USART_Init                             0x080017fc   Section        0  stm32f10x_usart.o(i.USART_Init)
    i.USART_ReceiveData                      0x080018a8   Section        0  stm32f10x_usart.o(i.USART_ReceiveData)
    i.USART_SendData                         0x080018b0   Section        0  stm32f10x_usart.o(i.USART_SendData)
    i.UartBegin                              0x080018b8   Section        0  serialportapi.o(i.UartBegin)
    i.UsageFault_Handler                     0x080018c4   Section        0  stm32f10x_it.o(i.UsageFault_Handler)
    i.UserLEDInit                            0x080018c8   Section        0  interface.o(i.UserLEDInit)
    i.WifiInit                               0x080018f8   Section        0  esp8266.o(i.WifiInit)
    i.createTCP                              0x08001a00   Section        0  esp8266.o(i.createTCP)
    i.delay                                  0x08001a10   Section        0  esp8266.o(i.delay)
    i.delay_init                             0x08001a24   Section        0  interface.o(i.delay_init)
    i.disableMUX                             0x08001a34   Section        0  esp8266.o(i.disableMUX)
    i.getSystemStatus                        0x08001a98   Section        0  esp8266.o(i.getSystemStatus)
    i.joinAP                                 0x08001b0c   Section        0  esp8266.o(i.joinAP)
    i.main                                   0x08001b10   Section        0  main.o(i.main)
    i.recv                                   0x08001cf4   Section        0  esp8266.o(i.recv)
    i.recvFind                               0x08001d04   Section        0  esp8266.o(i.recvFind)
    recvFind                                 0x08001d05   Thumb Code    36  esp8266.o(i.recvFind)
    i.recvFindAndFilter                      0x08001d2c   Section        0  esp8266.o(i.recvFindAndFilter)
    recvFindAndFilter                        0x08001d2d   Thumb Code    98  esp8266.o(i.recvFindAndFilter)
    i.recvPkg                                0x08001d94   Section        0  esp8266.o(i.recvPkg)
    recvPkg                                  0x08001d95   Thumb Code   280  esp8266.o(i.recvPkg)
    i.recvString                             0x08001ebc   Section        0  esp8266.o(i.recvString)
    recvString                               0x08001ebd   Thumb Code    64  esp8266.o(i.recvString)
    i.recvString2                            0x08001f00   Section        0  esp8266.o(i.recvString2)
    recvString2                              0x08001f01   Thumb Code    78  esp8266.o(i.recvString2)
    i.restart                                0x08001f54   Section        0  esp8266.o(i.restart)
    i.sATCIPSTARTSingle                      0x08001fc8   Section        0  esp8266.o(i.sATCIPSTARTSingle)
    sATCIPSTARTSingle                        0x08001fc9   Thumb Code   188  esp8266.o(i.sATCIPSTARTSingle)
    i.sATCWJAP                               0x080020c0   Section        0  esp8266.o(i.sATCWJAP)
    sATCWJAP                                 0x080020c1   Thumb Code    86  esp8266.o(i.sATCWJAP)
    i.sATCWMODE                              0x0800213c   Section        0  esp8266.o(i.sATCWMODE)
    sATCWMODE                                0x0800213d   Thumb Code    74  esp8266.o(i.sATCWMODE)
    i.setOprToStationSoftAP                  0x080021a8   Section        0  esp8266.o(i.setOprToStationSoftAP)
    i.timer1msINT                            0x08002218   Section        0  esp8266.o(i.timer1msINT)
    locale$$code                             0x08002228   Section       44  lc_ctype_c.o(locale$$code)
    .constdata                               0x08002254   Section       21  lcd1602.o(.constdata)
    locale$$data                             0x0800228c   Section      272  lc_ctype_c.o(locale$$data)
    __lcctype_c_name                         0x08002290   Data           2  lc_ctype_c.o(locale$$data)
    __lcctype_c_start                        0x08002298   Data           0  lc_ctype_c.o(locale$$data)
    __lcctype_c_end                          0x0800239c   Data           0  lc_ctype_c.o(locale$$data)
    .data                                    0x20000000   Section        4  main.o(.data)
    .data                                    0x20000004   Section        1  main.o(.data)
    .data                                    0x20000005   Section        1  main.o(.data)
    .data                                    0x20000006   Section        1  main.o(.data)
    .data                                    0x20000007   Section        1  main.o(.data)
    .data                                    0x20000008   Section       12  main.o(.data)
    .data                                    0x20000014   Section        1  main.o(.data)
    .data                                    0x20000018   Section        4  esp8266.o(.data)
    .data                                    0x2000001c   Section       12  serialportapi.o(.data)
    _receive_buffer_tail                     0x2000001c   Data           1  serialportapi.o(.data)
    _receive_buffer_head                     0x2000001d   Data           1  serialportapi.o(.data)
    UartInit                                 0x20000020   Data           4  serialportapi.o(.data)
    UartSend                                 0x20000024   Data           4  serialportapi.o(.data)
    .data                                    0x20000028   Section       20  stm32f10x_rcc.o(.data)
    ADCPrescTable                            0x20000028   Data           4  stm32f10x_rcc.o(.data)
    APBAHBPrescTable                         0x2000002c   Data          16  stm32f10x_rcc.o(.data)
    .bss                                     0x2000003c   Section       16  main.o(.bss)
    .bss                                     0x2000004c   Section       96  esp8266.o(.bss)
    .bss                                     0x200000ac   Section       96  serialportapi.o(.bss)
    _receive_buffer                          0x200000ac   Data          96  serialportapi.o(.bss)
    .bss                                     0x2000010c   Section       96  libspace.o(.bss)
    HEAP                                     0x20000170   Section      512  startup_stm32f10x_hd.o(HEAP)
    Heap_Mem                                 0x20000170   Data         512  startup_stm32f10x_hd.o(HEAP)
    STACK                                    0x20000370   Section     1024  startup_stm32f10x_hd.o(STACK)
    Stack_Mem                                0x20000370   Data        1024  startup_stm32f10x_hd.o(STACK)
    __initial_sp                             0x20000770   Data           0  startup_stm32f10x_hd.o(STACK)

    Global Symbols

    Symbol Name                              Value     Ov Type        Size  Object(Section)

    BuildAttributes$$THM_ISAv4$P$D$K$B$S$PE$A:L22UL41UL21$X:L11$S22US41US21$IEEE1$IW$USESV6$~STKCKD$USESV7$~SHL$OTIME$ROPI$EBA8$UX$STANDARDLIB$REQ8$PRES8$EABIv2 0x00000000   Number         0  anon$$obj.o ABSOLUTE
    __ARM_use_no_argv                        0x00000000   Number         0  main.o ABSOLUTE
    __ARM_exceptions_init                     - Undefined Weak Reference
    __alloca_initialize                       - Undefined Weak Reference
    __arm_preinit_                            - Undefined Weak Reference
    __cpp_initialize__aeabi_                  - Undefined Weak Reference
    __cxa_finalize                            - Undefined Weak Reference
    __sigvec_lookup                           - Undefined Weak Reference
    __user_heap_extent                        - Undefined Weak Reference
    _atexit_init                              - Undefined Weak Reference
    _call_atexit_fns                          - Undefined Weak Reference
    _clock_init                               - Undefined Weak Reference
    _fp_trap_init                             - Undefined Weak Reference
    _fp_trap_shutdown                         - Undefined Weak Reference
    _get_lc_collate                           - Undefined Weak Reference
    _get_lc_monetary                          - Undefined Weak Reference
    _get_lc_numeric                           - Undefined Weak Reference
    _get_lc_time                              - Undefined Weak Reference
    _getenv_init                              - Undefined Weak Reference
    _handle_redirection                       - Undefined Weak Reference
    _initio                                   - Undefined Weak Reference
    _mutex_acquire                            - Undefined Weak Reference
    _mutex_free                               - Undefined Weak Reference
    _mutex_release                            - Undefined Weak Reference
    _printf_post_padding                      - Undefined Weak Reference
    _printf_pre_padding                       - Undefined Weak Reference
    _printf_truncate_signed                   - Undefined Weak Reference
    _printf_truncate_unsigned                 - Undefined Weak Reference
    _rand_init                                - Undefined Weak Reference
    _signal_finish                            - Undefined Weak Reference
    _signal_init                              - Undefined Weak Reference
    _terminateio                              - Undefined Weak Reference
    __Vectors_Size                           0x00000130   Number         0  startup_stm32f10x_hd.o ABSOLUTE
    __Vectors                                0x08000000   Data           4  startup_stm32f10x_hd.o(RESET)
    __Vectors_End                            0x08000130   Data           0  startup_stm32f10x_hd.o(RESET)
    __main                                   0x08000131   Thumb Code     8  __main.o(!!!main)
    __scatterload                            0x08000139   Thumb Code     0  __scatter.o(!!!scatter)
    __scatterload_rt2                        0x08000139   Thumb Code    44  __scatter.o(!!!scatter)
    __scatterload_rt2_thumb_only             0x08000139   Thumb Code     0  __scatter.o(!!!scatter)
    __scatterload_null                       0x08000147   Thumb Code     0  __scatter.o(!!!scatter)
    __scatterload_copy                       0x0800016d   Thumb Code    26  __scatter_copy.o(!!handler_copy)
    __scatterload_zeroinit                   0x08000189   Thumb Code    28  __scatter_zi.o(!!handler_zi)
    _printf_d                                0x080001a5   Thumb Code     0  _printf_d.o(.ARM.Collect$$_printf_percent$$00000009)
    _printf_percent                          0x080001a5   Thumb Code     0  _printf_percent.o(.ARM.Collect$$_printf_percent$$00000000)
    _printf_percent_end                      0x080001ab   Thumb Code     0  _printf_percent_end.o(.ARM.Collect$$_printf_percent$$00000017)
    __rt_lib_init                            0x080001af   Thumb Code     0  libinit.o(.ARM.Collect$$libinit$$00000000)
    __rt_lib_init_fp_1                       0x080001b1   Thumb Code     0  libinit2.o(.ARM.Collect$$libinit$$00000002)
    __rt_lib_init_heap_2                     0x080001b1   Thumb Code     0  libinit2.o(.ARM.Collect$$libinit$$00000005)
    __rt_lib_init_preinit_1                  0x080001b1   Thumb Code     0  libinit2.o(.ARM.Collect$$libinit$$00000004)
    __rt_lib_init_heap_1                     0x080001b9   Thumb Code     0  libinit2.o(.ARM.Collect$$libinit$$0000000A)
    __rt_lib_init_lc_common                  0x080001b9   Thumb Code     0  libinit2.o(.ARM.Collect$$libinit$$0000000F)
    __rt_lib_init_rand_1                     0x080001b9   Thumb Code     0  libinit2.o(.ARM.Collect$$libinit$$0000000E)
    __rt_lib_init_user_alloc_1               0x080001b9   Thumb Code     0  libinit2.o(.ARM.Collect$$libinit$$0000000C)
    __rt_lib_init_lc_collate_1               0x080001bf   Thumb Code     0  libinit2.o(.ARM.Collect$$libinit$$00000011)
    __rt_lib_init_lc_ctype_2                 0x080001bf   Thumb Code     0  libinit2.o(.ARM.Collect$$libinit$$00000012)
    __rt_lib_init_alloca_1                   0x080001cb   Thumb Code     0  libinit2.o(.ARM.Collect$$libinit$$0000002E)
    __rt_lib_init_argv_1                     0x080001cb   Thumb Code     0  libinit2.o(.ARM.Collect$$libinit$$0000002C)
    __rt_lib_init_atexit_1                   0x080001cb   Thumb Code     0  libinit2.o(.ARM.Collect$$libinit$$0000001B)
    __rt_lib_init_clock_1                    0x080001cb   Thumb Code     0  libinit2.o(.ARM.Collect$$libinit$$00000021)
    __rt_lib_init_cpp_1                      0x080001cb   Thumb Code     0  libinit2.o(.ARM.Collect$$libinit$$00000032)
    __rt_lib_init_exceptions_1               0x080001cb   Thumb Code     0  libinit2.o(.ARM.Collect$$libinit$$00000030)
    __rt_lib_init_fp_trap_1                  0x080001cb   Thumb Code     0  libinit2.o(.ARM.Collect$$libinit$$0000001F)
    __rt_lib_init_getenv_1                   0x080001cb   Thumb Code     0  libinit2.o(.ARM.Collect$$libinit$$00000023)
    __rt_lib_init_lc_ctype_1                 0x080001cb   Thumb Code     0  libinit2.o(.ARM.Collect$$libinit$$00000013)
    __rt_lib_init_lc_monetary_1              0x080001cb   Thumb Code     0  libinit2.o(.ARM.Collect$$libinit$$00000015)
    __rt_lib_init_lc_numeric_1               0x080001cb   Thumb Code     0  libinit2.o(.ARM.Collect$$libinit$$00000017)
    __rt_lib_init_lc_time_1                  0x080001cb   Thumb Code     0  libinit2.o(.ARM.Collect$$libinit$$00000019)
    __rt_lib_init_return                     0x080001cb   Thumb Code     0  libinit2.o(.ARM.Collect$$libinit$$00000033)
    __rt_lib_init_signal_1                   0x080001cb   Thumb Code     0  libinit2.o(.ARM.Collect$$libinit$$0000001D)
    __rt_lib_init_stdio_1                    0x080001cb   Thumb Code     0  libinit2.o(.ARM.Collect$$libinit$$00000025)
    __rt_lib_shutdown                        0x080001cd   Thumb Code     0  libshutdown.o(.ARM.Collect$$libshutdown$$00000000)
    __rt_lib_shutdown_fp_trap_1              0x080001cf   Thumb Code     0  libshutdown2.o(.ARM.Collect$$libshutdown$$00000006)
    __rt_lib_shutdown_heap_1                 0x080001cf   Thumb Code     0  libshutdown2.o(.ARM.Collect$$libshutdown$$0000000E)
    __rt_lib_shutdown_return                 0x080001cf   Thumb Code     0  libshutdown2.o(.ARM.Collect$$libshutdown$$0000000F)
    __rt_lib_shutdown_signal_1               0x080001cf   Thumb Code     0  libshutdown2.o(.ARM.Collect$$libshutdown$$00000009)
    __rt_lib_shutdown_stdio_1                0x080001cf   Thumb Code     0  libshutdown2.o(.ARM.Collect$$libshutdown$$00000003)
    __rt_lib_shutdown_user_alloc_1           0x080001cf   Thumb Code     0  libshutdown2.o(.ARM.Collect$$libshutdown$$0000000B)
    __rt_entry                               0x080001d1   Thumb Code     0  __rtentry.o(.ARM.Collect$$rtentry$$00000000)
    __rt_entry_presh_1                       0x080001d1   Thumb Code     0  __rtentry2.o(.ARM.Collect$$rtentry$$00000002)
    __rt_entry_sh                            0x080001d1   Thumb Code     0  __rtentry4.o(.ARM.Collect$$rtentry$$00000004)
    __rt_entry_li                            0x080001d7   Thumb Code     0  __rtentry2.o(.ARM.Collect$$rtentry$$0000000A)
    __rt_entry_postsh_1                      0x080001d7   Thumb Code     0  __rtentry2.o(.ARM.Collect$$rtentry$$00000009)
    __rt_entry_main                          0x080001db   Thumb Code     0  __rtentry2.o(.ARM.Collect$$rtentry$$0000000D)
    __rt_entry_postli_1                      0x080001db   Thumb Code     0  __rtentry2.o(.ARM.Collect$$rtentry$$0000000C)
    __rt_exit                                0x080001e3   Thumb Code     0  rtexit.o(.ARM.Collect$$rtexit$$00000000)
    __rt_exit_ls                             0x080001e5   Thumb Code     0  rtexit2.o(.ARM.Collect$$rtexit$$00000003)
    __rt_exit_prels_1                        0x080001e5   Thumb Code     0  rtexit2.o(.ARM.Collect$$rtexit$$00000002)
    __rt_exit_exit                           0x080001e9   Thumb Code     0  rtexit2.o(.ARM.Collect$$rtexit$$00000004)
    Reset_Handler                            0x080001f1   Thumb Code     8  startup_stm32f10x_hd.o(.text)
    _maybe_terminate_alloc                   0x080001f1   Thumb Code     0  maybetermalloc1.o(.emb_text)
    ADC1_2_IRQHandler                        0x0800020b   Thumb Code     0  startup_stm32f10x_hd.o(.text)
    ADC3_IRQHandler                          0x0800020b   Thumb Code     0  startup_stm32f10x_hd.o(.text)
    CAN1_RX1_IRQHandler                      0x0800020b   Thumb Code     0  startup_stm32f10x_hd.o(.text)
    CAN1_SCE_IRQHandler                      0x0800020b   Thumb Code     0  startup_stm32f10x_hd.o(.text)
    DMA1_Channel1_IRQHandler                 0x0800020b   Thumb Code     0  startup_stm32f10x_hd.o(.text)
    DMA1_Channel2_IRQHandler                 0x0800020b   Thumb Code     0  startup_stm32f10x_hd.o(.text)
    DMA1_Channel3_IRQHandler                 0x0800020b   Thumb Code     0  startup_stm32f10x_hd.o(.text)
    DMA1_Channel4_IRQHandler                 0x0800020b   Thumb Code     0  startup_stm32f10x_hd.o(.text)
    DMA1_Channel5_IRQHandler                 0x0800020b   Thumb Code     0  startup_stm32f10x_hd.o(.text)
    DMA1_Channel6_IRQHandler                 0x0800020b   Thumb Code     0  startup_stm32f10x_hd.o(.text)
    DMA1_Channel7_IRQHandler                 0x0800020b   Thumb Code     0  startup_stm32f10x_hd.o(.text)
    DMA2_Channel1_IRQHandler                 0x0800020b   Thumb Code     0  startup_stm32f10x_hd.o(.text)
    DMA2_Channel2_IRQHandler                 0x0800020b   Thumb Code     0  startup_stm32f10x_hd.o(.text)
    DMA2_Channel3_IRQHandler                 0x0800020b   Thumb Code     0  startup_stm32f10x_hd.o(.text)
    DMA2_Channel4_5_IRQHandler               0x0800020b   Thumb Code     0  startup_stm32f10x_hd.o(.text)
    EXTI0_IRQHandler                         0x0800020b   Thumb Code     0  startup_stm32f10x_hd.o(.text)
    EXTI15_10_IRQHandler                     0x0800020b   Thumb Code     0  startup_stm32f10x_hd.o(.text)
    EXTI1_IRQHandler                         0x0800020b   Thumb Code     0  startup_stm32f10x_hd.o(.text)
    EXTI2_IRQHandler                         0x0800020b   Thumb Code     0  startup_stm32f10x_hd.o(.text)
    EXTI3_IRQHandler                         0x0800020b   Thumb Code     0  startup_stm32f10x_hd.o(.text)
    EXTI4_IRQHandler                         0x0800020b   Thumb Code     0  startup_stm32f10x_hd.o(.text)
    EXTI9_5_IRQHandler                       0x0800020b   Thumb Code     0  startup_stm32f10x_hd.o(.text)
    FLASH_IRQHandler                         0x0800020b   Thumb Code     0  startup_stm32f10x_hd.o(.text)
    FSMC_IRQHandler                          0x0800020b   Thumb Code     0  startup_stm32f10x_hd.o(.text)
    I2C1_ER_IRQHandler                       0x0800020b   Thumb Code     0  startup_stm32f10x_hd.o(.text)
    I2C1_EV_IRQHandler                       0x0800020b   Thumb Code     0  startup_stm32f10x_hd.o(.text)
    I2C2_ER_IRQHandler                       0x0800020b   Thumb Code     0  startup_stm32f10x_hd.o(.text)
    I2C2_EV_IRQHandler                       0x0800020b   Thumb Code     0  startup_stm32f10x_hd.o(.text)
    PVD_IRQHandler                           0x0800020b   Thumb Code     0  startup_stm32f10x_hd.o(.text)
    RCC_IRQHandler                           0x0800020b   Thumb Code     0  startup_stm32f10x_hd.o(.text)
    RTCAlarm_IRQHandler                      0x0800020b   Thumb Code     0  startup_stm32f10x_hd.o(.text)
    RTC_IRQHandler                           0x0800020b   Thumb Code     0  startup_stm32f10x_hd.o(.text)
    SDIO_IRQHandler                          0x0800020b   Thumb Code     0  startup_stm32f10x_hd.o(.text)
    SPI1_IRQHandler                          0x0800020b   Thumb Code     0  startup_stm32f10x_hd.o(.text)
    SPI2_IRQHandler                          0x0800020b   Thumb Code     0  startup_stm32f10x_hd.o(.text)
    SPI3_IRQHandler                          0x0800020b   Thumb Code     0  startup_stm32f10x_hd.o(.text)
    TAMPER_IRQHandler                        0x0800020b   Thumb Code     0  startup_stm32f10x_hd.o(.text)
    TIM1_BRK_IRQHandler                      0x0800020b   Thumb Code     0  startup_stm32f10x_hd.o(.text)
    TIM1_CC_IRQHandler                       0x0800020b   Thumb Code     0  startup_stm32f10x_hd.o(.text)
    TIM1_TRG_COM_IRQHandler                  0x0800020b   Thumb Code     0  startup_stm32f10x_hd.o(.text)
    TIM1_UP_IRQHandler                       0x0800020b   Thumb Code     0  startup_stm32f10x_hd.o(.text)
    TIM3_IRQHandler                          0x0800020b   Thumb Code     0  startup_stm32f10x_hd.o(.text)
    TIM4_IRQHandler                          0x0800020b   Thumb Code     0  startup_stm32f10x_hd.o(.text)
    TIM5_IRQHandler                          0x0800020b   Thumb Code     0  startup_stm32f10x_hd.o(.text)
    TIM6_IRQHandler                          0x0800020b   Thumb Code     0  startup_stm32f10x_hd.o(.text)
    TIM7_IRQHandler                          0x0800020b   Thumb Code     0  startup_stm32f10x_hd.o(.text)
    TIM8_BRK_IRQHandler                      0x0800020b   Thumb Code     0  startup_stm32f10x_hd.o(.text)
    TIM8_CC_IRQHandler                       0x0800020b   Thumb Code     0  startup_stm32f10x_hd.o(.text)
    TIM8_TRG_COM_IRQHandler                  0x0800020b   Thumb Code     0  startup_stm32f10x_hd.o(.text)
    TIM8_UP_IRQHandler                       0x0800020b   Thumb Code     0  startup_stm32f10x_hd.o(.text)
    UART4_IRQHandler                         0x0800020b   Thumb Code     0  startup_stm32f10x_hd.o(.text)
    UART5_IRQHandler                         0x0800020b   Thumb Code     0  startup_stm32f10x_hd.o(.text)
    USART1_IRQHandler                        0x0800020b   Thumb Code     0  startup_stm32f10x_hd.o(.text)
    USART2_IRQHandler                        0x0800020b   Thumb Code     0  startup_stm32f10x_hd.o(.text)
    USBWakeUp_IRQHandler                     0x0800020b   Thumb Code     0  startup_stm32f10x_hd.o(.text)
    USB_HP_CAN1_TX_IRQHandler                0x0800020b   Thumb Code     0  startup_stm32f10x_hd.o(.text)
    USB_LP_CAN1_RX0_IRQHandler               0x0800020b   Thumb Code     0  startup_stm32f10x_hd.o(.text)
    WWDG_IRQHandler                          0x0800020b   Thumb Code     0  startup_stm32f10x_hd.o(.text)
    __user_initial_stackheap                 0x0800020d   Thumb Code     0  startup_stm32f10x_hd.o(.text)
    malloc                                   0x08000231   Thumb Code    94  h1_alloc.o(.text)
    free                                     0x0800028f   Thumb Code    78  h1_free.o(.text)
    __2sprintf                               0x080002dd   Thumb Code    34  noretval__2sprintf.o(.text)
    __printf                                 0x08000305   Thumb Code   104  __printf.o(.text)
    _printf_int_dec                          0x0800036d   Thumb Code   104  _printf_dec.o(.text)
    atoi                                     0x080003e5   Thumb Code    26  atoi.o(.text)
    strchr                                   0x080003ff   Thumb Code    20  strchr.o(.text)
    strstr                                   0x08000413   Thumb Code    36  strstr.o(.text)
    strlen                                   0x08000437   Thumb Code    62  strlen.o(.text)
    strncpy                                  0x08000475   Thumb Code    86  strncpy.o(.text)
    __use_two_region_memory                  0x080004cb   Thumb Code     2  heapauxi.o(.text)
    __rt_heap_escrow                         0x080004cd   Thumb Code     2  heapauxi.o(.text)
    __rt_heap_expand                         0x080004cf   Thumb Code     2  heapauxi.o(.text)
    __rt_heap_descriptor                     0x080004d1   Thumb Code     8  rt_heap_descriptor_intlibspace.o(.text)
    __aeabi_errno_addr                       0x080004d9   Thumb Code     8  rt_errno_addr_intlibspace.o(.text)
    __errno$intlibspace                      0x080004d9   Thumb Code     0  rt_errno_addr_intlibspace.o(.text)
    __rt_errno_addr$intlibspace              0x080004d9   Thumb Code     0  rt_errno_addr_intlibspace.o(.text)
    __use_no_heap                            0x080004e1   Thumb Code     2  hguard.o(.text)
    __heap$guard                             0x080004e3   Thumb Code     2  hguard.o(.text)
    _terminate_user_alloc                    0x080004e5   Thumb Code     2  init_alloc.o(.text)
    _init_user_alloc                         0x080004e7   Thumb Code     2  init_alloc.o(.text)
    __Heap_Full                              0x080004e9   Thumb Code    34  init_alloc.o(.text)
    __Heap_Broken                            0x0800050b   Thumb Code     6  init_alloc.o(.text)
    _init_alloc                              0x08000511   Thumb Code    94  init_alloc.o(.text)
    __Heap_Initialize                        0x0800056f   Thumb Code    10  h1_init.o(.text)
    __Heap_DescSize                          0x08000579   Thumb Code     4  h1_init.o(.text)
    _printf_int_common                       0x0800057d   Thumb Code   178  _printf_intcommon.o(.text)
    _printf_char_common                      0x0800063b   Thumb Code    32  _printf_char_common.o(.text)
    _sputc                                   0x08000661   Thumb Code    10  _sputc.o(.text)
    strtol                                   0x0800066b   Thumb Code   112  strtol.o(.text)
    __aeabi_memclr                           0x080006db   Thumb Code     0  rt_memclr.o(.text)
    __rt_memclr                              0x080006db   Thumb Code    68  rt_memclr.o(.text)
    _memset                                  0x080006df   Thumb Code     0  rt_memclr.o(.text)
    __user_libspace                          0x08000721   Thumb Code     8  libspace.o(.text)
    __user_perproc_libspace                  0x08000721   Thumb Code     0  libspace.o(.text)
    __user_perthread_libspace                0x08000721   Thumb Code     0  libspace.o(.text)
    __rt_ctype_table                         0x08000729   Thumb Code    16  rt_ctype_table.o(.text)
    __Heap_ProvideMemory                     0x08000739   Thumb Code    52  h1_extend.o(.text)
    _strtoul                                 0x0800076d   Thumb Code   158  _strtoul.o(.text)
    __rt_SIGRTMEM                            0x0800080b   Thumb Code    14  defsig_rtmem_outer.o(.text)
    __aeabi_memclr4                          0x08000819   Thumb Code     0  rt_memclr_w.o(.text)
    __aeabi_memclr8                          0x08000819   Thumb Code     0  rt_memclr_w.o(.text)
    __rt_memclr_w                            0x08000819   Thumb Code    78  rt_memclr_w.o(.text)
    _memset_w                                0x0800081d   Thumb Code     0  rt_memclr_w.o(.text)
    __I$use$semihosting                      0x08000867   Thumb Code     0  use_no_semi.o(.text)
    __use_no_semihosting_swi                 0x08000867   Thumb Code     2  use_no_semi.o(.text)
    __semihosting_library_function           0x08000869   Thumb Code     0  indicate_semi.o(.text)
    __user_setup_stackheap                   0x08000869   Thumb Code    74  sys_stackheap_outer.o(.text)
    __rt_locale                              0x080008b5   Thumb Code     8  rt_locale_intlibspace.o(.text)
    _chval                                   0x080008bd   Thumb Code    28  _chval.o(.text)
    exit                                     0x080008d9   Thumb Code    12  exit.o(.text)
    __sig_exit                               0x080008e5   Thumb Code    10  defsig_exit.o(.text)
    __rt_SIGRTMEM_inner                      0x080008f1   Thumb Code    22  defsig_rtmem_inner.o(.text)
    _sys_exit                                0x08000941   Thumb Code     8  sys_exit.o(.text)
    __default_signal_display                 0x0800094d   Thumb Code    50  defsig_general.o(.text)
    strcmp                                   0x08000981   Thumb Code   128  strcmpv7m.o(.text)
    _ttywrch                                 0x08000a01   Thumb Code    14  sys_wrch.o(.text)
    BusFault_Handler                         0x08000a0f   Thumb Code     2  stm32f10x_it.o(i.BusFault_Handler)
    CarBack                                  0x08000a11   Thumb Code    22  motor.o(i.CarBack)
    CarGo                                    0x08000a39   Thumb Code    20  motor.o(i.CarGo)
    CarLeft                                  0x08000a5d   Thumb Code    26  motor.o(i.CarLeft)
    CarMove                                  0x08000a89   Thumb Code   294  motor.o(i.CarMove)
    CarRight                                 0x08000bd1   Thumb Code    26  motor.o(i.CarRight)
    CarStop                                  0x08000bfd   Thumb Code    20  motor.o(i.CarStop)
    ClearRxBuf                               0x08000c21   Thumb Code    12  serialportapi.o(i.ClearRxBuf)
    DebugMon_Handler                         0x08000c31   Thumb Code     2  stm32f10x_it.o(i.DebugMon_Handler)
    Delay_us                                 0x08000c33   Thumb Code    32  interface.o(i.Delay_us)
    Delayms                                  0x08000c53   Thumb Code    22  interface.o(i.Delayms)
    GPIOCLKInit                              0x08000c69   Thumb Code    62  interface.o(i.GPIOCLKInit)
    GPIO_Init                                0x08000ca7   Thumb Code   156  stm32f10x_gpio.o(i.GPIO_Init)
    GPIO_ResetBits                           0x08000d43   Thumb Code     4  stm32f10x_gpio.o(i.GPIO_ResetBits)
    GPIO_SetBits                             0x08000d47   Thumb Code     4  stm32f10x_gpio.o(i.GPIO_SetBits)
    HardFault_Handler                        0x08000d4b   Thumb Code     2  stm32f10x_it.o(i.HardFault_Handler)
    LCD1602Init                              0x08000d4d   Thumb Code    94  lcd1602.o(i.LCD1602Init)
    LCD1602PortInit                          0x08000db1   Thumb Code   100  lcd1602.o(i.LCD1602PortInit)
    LCD1602WriteCommand                      0x08000e1d   Thumb Code    20  lcd1602.o(i.LCD1602WriteCommand)
    LEDToggle                                0x08000e31   Thumb Code    10  interface.o(i.LEDToggle)
    LcdWriteCom                              0x08000e41   Thumb Code    90  lcd1602.o(i.LcdWriteCom)
    LcdWriteDate                             0x08000ea5   Thumb Code    90  lcd1602.o(i.LcdWriteDate)
    MemManage_Handler                        0x08000f09   Thumb Code     2  stm32f10x_it.o(i.MemManage_Handler)
    MotorGPIO_Configuration                  0x08000f0d   Thumb Code   130  motor.o(i.MotorGPIO_Configuration)
    MotorInit                                0x08000f9d   Thumb Code    14  motor.o(i.MotorInit)
    NMI_Handler                              0x08000fab   Thumb Code     2  stm32f10x_it.o(i.NMI_Handler)
    NVIC_Init                                0x08000fad   Thumb Code    94  misc.o(i.NVIC_Init)
    NVIC_PriorityGroupConfig                 0x08001011   Thumb Code    10  misc.o(i.NVIC_PriorityGroupConfig)
    PendSV_Handler                           0x08001025   Thumb Code     2  stm32f10x_it.o(i.PendSV_Handler)
    PutChar                                  0x08001029   Thumb Code    26  uart.o(i.PutChar)
    PutDbgStrln                              0x08001049   Thumb Code    80  uart.o(i.PutDbgStrln)
    RCC_APB1PeriphClockCmd                   0x0800109d   Thumb Code    18  stm32f10x_rcc.o(i.RCC_APB1PeriphClockCmd)
    RCC_APB2PeriphClockCmd                   0x080010b5   Thumb Code    18  stm32f10x_rcc.o(i.RCC_APB2PeriphClockCmd)
    RCC_GetClocksFreq                        0x080010cd   Thumb Code   132  stm32f10x_rcc.o(i.RCC_GetClocksFreq)
    SVC_Handler                              0x08001161   Thumb Code     2  stm32f10x_it.o(i.SVC_Handler)
    SerialAvailable                          0x08001165   Thumb Code    22  serialportapi.o(i.SerialAvailable)
    SerialInt                                0x08001181   Thumb Code    54  serialportapi.o(i.SerialInt)
    SerialPrint                              0x080011c1   Thumb Code    62  serialportapi.o(i.SerialPrint)
    SerialPrintln                            0x08001209   Thumb Code    24  serialportapi.o(i.SerialPrintln)
    SerialRead                               0x08001225   Thumb Code    42  serialportapi.o(i.SerialRead)
    ServoInit                                0x08001259   Thumb Code    42  interface.o(i.ServoInit)
    SetBaud                                  0x08001289   Thumb Code    42  esp8266.o(i.SetBaud)
    StringAddchar                            0x08001379   Thumb Code    20  stringapiext.o(i.StringAddchar)
    StringIndex                              0x0800138d   Thumb Code    20  stringapiext.o(i.StringIndex)
    StringIndexCharOffset                    0x080013a1   Thumb Code    42  stringapiext.o(i.StringIndexCharOffset)
    StringLenth                              0x080013cb   Thumb Code     4  stringapiext.o(i.StringLenth)
    StringSubstring                          0x080013cf   Thumb Code    60  stringapiext.o(i.StringSubstring)
    SysTick_Handler                          0x0800140b   Thumb Code     2  stm32f10x_it.o(i.SysTick_Handler)
    SystemInit                               0x0800140d   Thumb Code    52  system_stm32f10x.o(i.SystemInit)
    TIM2_IRQHandler                          0x0800144d   Thumb Code    80  stm32f10x_it.o(i.TIM2_IRQHandler)
    TIM2_Init                                0x080014a9   Thumb Code    98  interface.o(i.TIM2_Init)
    TIM_ClearITPendingBit                    0x0800150b   Thumb Code     6  stm32f10x_tim.o(i.TIM_ClearITPendingBit)
    TIM_Cmd                                  0x08001511   Thumb Code    20  stm32f10x_tim.o(i.TIM_Cmd)
    TIM_GetITStatus                          0x08001525   Thumb Code    24  stm32f10x_tim.o(i.TIM_GetITStatus)
    TIM_ITConfig                             0x0800153d   Thumb Code    16  stm32f10x_tim.o(i.TIM_ITConfig)
    TIM_TimeBaseInit                         0x0800154d   Thumb Code   114  stm32f10x_tim.o(i.TIM_TimeBaseInit)
    USART1Conf                               0x080015e9   Thumb Code   122  uart.o(i.USART1Conf)
    USART3Conf                               0x0800166d   Thumb Code   174  uart.o(i.USART3Conf)
    USART3_IRQHandler                        0x08001725   Thumb Code    46  stm32f10x_it.o(i.USART3_IRQHandler)
    USART_ClearFlag                          0x08001759   Thumb Code     6  stm32f10x_usart.o(i.USART_ClearFlag)
    USART_ClearITPendingBit                  0x0800175f   Thumb Code    12  stm32f10x_usart.o(i.USART_ClearITPendingBit)
    USART_Cmd                                0x0800176b   Thumb Code    20  stm32f10x_usart.o(i.USART_Cmd)
    USART_GetFlagStatus                      0x0800177f   Thumb Code    14  stm32f10x_usart.o(i.USART_GetFlagStatus)
    USART_GetITStatus                        0x0800178d   Thumb Code    62  stm32f10x_usart.o(i.USART_GetITStatus)
    USART_ITConfig                           0x080017cb   Thumb Code    48  stm32f10x_usart.o(i.USART_ITConfig)
    USART_Init                               0x080017fd   Thumb Code   166  stm32f10x_usart.o(i.USART_Init)
    USART_ReceiveData                        0x080018a9   Thumb Code     8  stm32f10x_usart.o(i.USART_ReceiveData)
    USART_SendData                           0x080018b1   Thumb Code     8  stm32f10x_usart.o(i.USART_SendData)
    UartBegin                                0x080018b9   Thumb Code     8  serialportapi.o(i.UartBegin)
    UsageFault_Handler                       0x080018c5   Thumb Code     2  stm32f10x_it.o(i.UsageFault_Handler)
    UserLEDInit                              0x080018c9   Thumb Code    42  interface.o(i.UserLEDInit)
    WifiInit                                 0x080018f9   Thumb Code   156  esp8266.o(i.WifiInit)
    createTCP                                0x08001a01   Thumb Code    10  esp8266.o(i.createTCP)
    delay                                    0x08001a11   Thumb Code    14  esp8266.o(i.delay)
    delay_init                               0x08001a25   Thumb Code    14  interface.o(i.delay_init)
    disableMUX                               0x08001a35   Thumb Code    62  esp8266.o(i.disableMUX)
    getSystemStatus                          0x08001a99   Thumb Code    76  esp8266.o(i.getSystemStatus)
    joinAP                                   0x08001b0d   Thumb Code     4  esp8266.o(i.joinAP)
    main                                     0x08001b11   Thumb Code   360  main.o(i.main)
    recv                                     0x08001cf5   Thumb Code    16  esp8266.o(i.recv)
    restart                                  0x08001f55   Thumb Code    94  esp8266.o(i.restart)
    setOprToStationSoftAP                    0x080021a9   Thumb Code    80  esp8266.o(i.setOprToStationSoftAP)
    timer1msINT                              0x08002219   Thumb Code    10  esp8266.o(i.timer1msINT)
    _get_lc_ctype                            0x08002229   Thumb Code    44  lc_ctype_c.o(locale$$code)
    table1                                   0x08002254   Data          12  lcd1602.o(.constdata)
    table2                                   0x08002260   Data           9  lcd1602.o(.constdata)
    Region$$Table$$Base                      0x0800226c   Number         0  anon$$obj.o(Region$$Table)
    Region$$Table$$Limit                     0x0800228c   Number         0  anon$$obj.o(Region$$Table)
    __ctype                                  0x08002299   Data           0  lc_ctype_c.o(locale$$data)
    speed_count                              0x20000000   Data           4  main.o(.data)
    front_left_speed_duty                    0x20000004   Data           1  main.o(.data)
    front_right_speed_duty                   0x20000005   Data           1  main.o(.data)
    behind_left_speed_duty                   0x20000006   Data           1  main.o(.data)
    behind_right_speed_duty                  0x20000007   Data           1  main.o(.data)
    tick_5ms                                 0x20000008   Data           1  main.o(.data)
    tick_200ms                               0x20000009   Data           1  main.o(.data)
    ctrl_comm                                0x2000000a   Data           1  main.o(.data)
    continue_time                            0x2000000b   Data           1  main.o(.data)
    wifi_rec_flag                            0x2000000c   Data           1  main.o(.data)
    tick_3s                                  0x20000010   Data           4  main.o(.data)
    tick_1ms                                 0x20000014   Data           1  main.o(.data)
    sys_tick                                 0x20000018   Data           4  esp8266.o(.data)
    _buffer_overflow                         0x2000001e   Data           1  serialportapi.o(.data)
    buffer                                   0x2000003c   Data          16  main.o(.bss)
    data_rec                                 0x2000004c   Data          96  esp8266.o(.bss)
    __libspace_start                         0x2000010c   Data          96  libspace.o(.bss)
    __temporary_stack_top$libspace           0x2000016c   Data           0  libspace.o(.bss)



==============================================================================

Memory Map of the image

  Image Entry point : 0x08000131

  Load Region LR_IROM1 (Base: 0x08000000, Size: 0x000023d8, Max: 0x00080000, ABSOLUTE)

    Execution Region ER_IROM1 (Base: 0x08000000, Size: 0x0000239c, Max: 0x00080000, ABSOLUTE)

    Base Addr    Size         Type   Attr      Idx    E Section Name        Object

    0x08000000   0x00000130   Data   RO         3742    RESET               startup_stm32f10x_hd.o
    0x08000130   0x00000008   Code   RO         3853  * !!!main             c_w.l(__main.o)
    0x08000138   0x00000034   Code   RO         4091    !!!scatter          c_w.l(__scatter.o)
    0x0800016c   0x0000001a   Code   RO         4093    !!handler_copy      c_w.l(__scatter_copy.o)
    0x08000186   0x00000002   PAD
    0x08000188   0x0000001c   Code   RO         4095    !!handler_zi        c_w.l(__scatter_zi.o)
    0x080001a4   0x00000000   Code   RO         3840    .ARM.Collect$$_printf_percent$$00000000  c_w.l(_printf_percent.o)
    0x080001a4   0x00000006   Code   RO         3839    .ARM.Collect$$_printf_percent$$00000009  c_w.l(_printf_d.o)
    0x080001aa   0x00000004   Code   RO         3894    .ARM.Collect$$_printf_percent$$00000017  c_w.l(_printf_percent_end.o)
    0x080001ae   0x00000002   Code   RO         4029    .ARM.Collect$$libinit$$00000000  c_w.l(libinit.o)
    0x080001b0   0x00000000   Code   RO         3904    .ARM.Collect$$libinit$$00000002  c_w.l(libinit2.o)
    0x080001b0   0x00000000   Code   RO         3906    .ARM.Collect$$libinit$$00000004  c_w.l(libinit2.o)
    0x080001b0   0x00000008   Code   RO         3907    .ARM.Collect$$libinit$$00000005  c_w.l(libinit2.o)
    0x080001b8   0x00000000   Code   RO         3909    .ARM.Collect$$libinit$$0000000A  c_w.l(libinit2.o)
    0x080001b8   0x00000000   Code   RO         3911    .ARM.Collect$$libinit$$0000000C  c_w.l(libinit2.o)
    0x080001b8   0x00000000   Code   RO         3913    .ARM.Collect$$libinit$$0000000E  c_w.l(libinit2.o)
    0x080001b8   0x00000006   Code   RO         3914    .ARM.Collect$$libinit$$0000000F  c_w.l(libinit2.o)
    0x080001be   0x00000000   Code   RO         3916    .ARM.Collect$$libinit$$00000011  c_w.l(libinit2.o)
    0x080001be   0x0000000c   Code   RO         3917    .ARM.Collect$$libinit$$00000012  c_w.l(libinit2.o)
    0x080001ca   0x00000000   Code   RO         3918    .ARM.Collect$$libinit$$00000013  c_w.l(libinit2.o)
    0x080001ca   0x00000000   Code   RO         3920    .ARM.Collect$$libinit$$00000015  c_w.l(libinit2.o)
    0x080001ca   0x00000000   Code   RO         3922    .ARM.Collect$$libinit$$00000017  c_w.l(libinit2.o)
    0x080001ca   0x00000000   Code   RO         3924    .ARM.Collect$$libinit$$00000019  c_w.l(libinit2.o)
    0x080001ca   0x00000000   Code   RO         3926    .ARM.Collect$$libinit$$0000001B  c_w.l(libinit2.o)
    0x080001ca   0x00000000   Code   RO         3928    .ARM.Collect$$libinit$$0000001D  c_w.l(libinit2.o)
    0x080001ca   0x00000000   Code   RO         3930    .ARM.Collect$$libinit$$0000001F  c_w.l(libinit2.o)
    0x080001ca   0x00000000   Code   RO         3932    .ARM.Collect$$libinit$$00000021  c_w.l(libinit2.o)
    0x080001ca   0x00000000   Code   RO         3934    .ARM.Collect$$libinit$$00000023  c_w.l(libinit2.o)
    0x080001ca   0x00000000   Code   RO         3936    .ARM.Collect$$libinit$$00000025  c_w.l(libinit2.o)
    0x080001ca   0x00000000   Code   RO         3940    .ARM.Collect$$libinit$$0000002C  c_w.l(libinit2.o)
    0x080001ca   0x00000000   Code   RO         3942    .ARM.Collect$$libinit$$0000002E  c_w.l(libinit2.o)
    0x080001ca   0x00000000   Code   RO         3944    .ARM.Collect$$libinit$$00000030  c_w.l(libinit2.o)
    0x080001ca   0x00000000   Code   RO         3946    .ARM.Collect$$libinit$$00000032  c_w.l(libinit2.o)
    0x080001ca   0x00000002   Code   RO         3947    .ARM.Collect$$libinit$$00000033  c_w.l(libinit2.o)
    0x080001cc   0x00000002   Code   RO         4088    .ARM.Collect$$libshutdown$$00000000  c_w.l(libshutdown.o)
    0x080001ce   0x00000000   Code   RO         4046    .ARM.Collect$$libshutdown$$00000003  c_w.l(libshutdown2.o)
    0x080001ce   0x00000000   Code   RO         4049    .ARM.Collect$$libshutdown$$00000006  c_w.l(libshutdown2.o)
    0x080001ce   0x00000000   Code   RO         4052    .ARM.Collect$$libshutdown$$00000009  c_w.l(libshutdown2.o)
    0x080001ce   0x00000000   Code   RO         4054    .ARM.Collect$$libshutdown$$0000000B  c_w.l(libshutdown2.o)
    0x080001ce   0x00000000   Code   RO         4057    .ARM.Collect$$libshutdown$$0000000E  c_w.l(libshutdown2.o)
    0x080001ce   0x00000002   Code   RO         4058    .ARM.Collect$$libshutdown$$0000000F  c_w.l(libshutdown2.o)
    0x080001d0   0x00000000   Code   RO         3857    .ARM.Collect$$rtentry$$00000000  c_w.l(__rtentry.o)
    0x080001d0   0x00000000   Code   RO         3954    .ARM.Collect$$rtentry$$00000002  c_w.l(__rtentry2.o)
    0x080001d0   0x00000006   Code   RO         3966    .ARM.Collect$$rtentry$$00000004  c_w.l(__rtentry4.o)
    0x080001d6   0x00000000   Code   RO         3956    .ARM.Collect$$rtentry$$00000009  c_w.l(__rtentry2.o)
    0x080001d6   0x00000004   Code   RO         3957    .ARM.Collect$$rtentry$$0000000A  c_w.l(__rtentry2.o)
    0x080001da   0x00000000   Code   RO         3959    .ARM.Collect$$rtentry$$0000000C  c_w.l(__rtentry2.o)
    0x080001da   0x00000008   Code   RO         3960    .ARM.Collect$$rtentry$$0000000D  c_w.l(__rtentry2.o)
    0x080001e2   0x00000002   Code   RO         4032    .ARM.Collect$$rtexit$$00000000  c_w.l(rtexit.o)
    0x080001e4   0x00000000   Code   RO         4062    .ARM.Collect$$rtexit$$00000002  c_w.l(rtexit2.o)
    0x080001e4   0x00000004   Code   RO         4063    .ARM.Collect$$rtexit$$00000003  c_w.l(rtexit2.o)
    0x080001e8   0x00000006   Code   RO         4064    .ARM.Collect$$rtexit$$00000004  c_w.l(rtexit2.o)
    0x080001ee   0x00000002   PAD
    0x080001f0   0x00000000   Code   RO         3972    .emb_text           c_w.l(maybetermalloc1.o)
    0x080001f0   0x00000040   Code   RO         3743    .text               startup_stm32f10x_hd.o
    0x08000230   0x0000005e   Code   RO         3753    .text               c_w.l(h1_alloc.o)
    0x0800028e   0x0000004e   Code   RO         3755    .text               c_w.l(h1_free.o)
    0x080002dc   0x00000028   Code   RO         3813    .text               c_w.l(noretval__2sprintf.o)
    0x08000304   0x00000068   Code   RO         3815    .text               c_w.l(__printf.o)
    0x0800036c   0x00000078   Code   RO         3817    .text               c_w.l(_printf_dec.o)
    0x080003e4   0x0000001a   Code   RO         3841    .text               c_w.l(atoi.o)
    0x080003fe   0x00000014   Code   RO         3843    .text               c_w.l(strchr.o)
    0x08000412   0x00000024   Code   RO         3845    .text               c_w.l(strstr.o)
    0x08000436   0x0000003e   Code   RO         3847    .text               c_w.l(strlen.o)
    0x08000474   0x00000056   Code   RO         3849    .text               c_w.l(strncpy.o)
    0x080004ca   0x00000006   Code   RO         3851    .text               c_w.l(heapauxi.o)
    0x080004d0   0x00000008   Code   RO         3861    .text               c_w.l(rt_heap_descriptor_intlibspace.o)
    0x080004d8   0x00000008   Code   RO         3866    .text               c_w.l(rt_errno_addr_intlibspace.o)
    0x080004e0   0x00000004   Code   RO         3868    .text               c_w.l(hguard.o)
    0x080004e4   0x0000008a   Code   RO         3870    .text               c_w.l(init_alloc.o)
    0x0800056e   0x0000000e   Code   RO         3874    .text               c_w.l(h1_init.o)
    0x0800057c   0x000000b2   Code   RO         3888    .text               c_w.l(_printf_intcommon.o)
    0x0800062e   0x00000002   PAD
    0x08000630   0x00000030   Code   RO         3890    .text               c_w.l(_printf_char_common.o)
    0x08000660   0x0000000a   Code   RO         3892    .text               c_w.l(_sputc.o)
    0x0800066a   0x00000070   Code   RO         3895    .text               c_w.l(strtol.o)
    0x080006da   0x00000044   Code   RO         3899    .text               c_w.l(rt_memclr.o)
    0x0800071e   0x00000002   PAD
    0x08000720   0x00000008   Code   RO         3950    .text               c_w.l(libspace.o)
    0x08000728   0x00000010   Code   RO         3968    .text               c_w.l(rt_ctype_table.o)
    0x08000738   0x00000034   Code   RO         3974    .text               c_w.l(h1_extend.o)
    0x0800076c   0x0000009e   Code   RO         3980    .text               c_w.l(_strtoul.o)
    0x0800080a   0x0000000e   Code   RO         3982    .text               c_w.l(defsig_rtmem_outer.o)
    0x08000818   0x0000004e   Code   RO         3986    .text               c_w.l(rt_memclr_w.o)
    0x08000866   0x00000002   Code   RO         3995    .text               c_w.l(use_no_semi.o)
    0x08000868   0x00000000   Code   RO         3997    .text               c_w.l(indicate_semi.o)
    0x08000868   0x0000004a   Code   RO         3998    .text               c_w.l(sys_stackheap_outer.o)
    0x080008b2   0x00000002   PAD
    0x080008b4   0x00000008   Code   RO         4005    .text               c_w.l(rt_locale_intlibspace.o)
    0x080008bc   0x0000001c   Code   RO         4009    .text               c_w.l(_chval.o)
    0x080008d8   0x0000000c   Code   RO         4014    .text               c_w.l(exit.o)
    0x080008e4   0x0000000a   Code   RO         4016    .text               c_w.l(defsig_exit.o)
    0x080008ee   0x00000002   PAD
    0x080008f0   0x00000050   Code   RO         4018    .text               c_w.l(defsig_rtmem_inner.o)
    0x08000940   0x0000000c   Code   RO         4030    .text               c_w.l(sys_exit.o)
    0x0800094c   0x00000032   Code   RO         4040    .text               c_w.l(defsig_general.o)
    0x0800097e   0x00000002   PAD
    0x08000980   0x00000080   Code   RO         4042    .text               c_w.l(strcmpv7m.o)
    0x08000a00   0x0000000e   Code   RO         4059    .text               c_w.l(sys_wrch.o)
    0x08000a0e   0x00000002   Code   RO           97    i.BusFault_Handler  stm32f10x_it.o
    0x08000a10   0x00000028   Code   RO          318    i.CarBack           motor.o
    0x08000a38   0x00000024   Code   RO          319    i.CarGo             motor.o
    0x08000a5c   0x0000002c   Code   RO          320    i.CarLeft           motor.o
    0x08000a88   0x00000148   Code   RO          321    i.CarMove           motor.o
    0x08000bd0   0x0000002c   Code   RO          322    i.CarRight          motor.o
    0x08000bfc   0x00000024   Code   RO          323    i.CarStop           motor.o
    0x08000c20   0x00000010   Code   RO          628    i.ClearRxBuf        serialportapi.o
    0x08000c30   0x00000002   Code   RO           98    i.DebugMon_Handler  stm32f10x_it.o
    0x08000c32   0x00000020   Code   RO          222    i.Delay_us          interface.o
    0x08000c52   0x00000016   Code   RO          223    i.Delayms           interface.o
    0x08000c68   0x0000003e   Code   RO          224    i.GPIOCLKInit       interface.o
    0x08000ca6   0x0000009c   Code   RO         1872    i.GPIO_Init         stm32f10x_gpio.o
    0x08000d42   0x00000004   Code   RO         1879    i.GPIO_ResetBits    stm32f10x_gpio.o
    0x08000d46   0x00000004   Code   RO         1880    i.GPIO_SetBits      stm32f10x_gpio.o
    0x08000d4a   0x00000002   Code   RO           99    i.HardFault_Handler  stm32f10x_it.o
    0x08000d4c   0x00000064   Code   RO          380    i.LCD1602Init       lcd1602.o
    0x08000db0   0x0000006c   Code   RO          381    i.LCD1602PortInit   lcd1602.o
    0x08000e1c   0x00000014   Code   RO          382    i.LCD1602WriteCommand  lcd1602.o
    0x08000e30   0x00000010   Code   RO          225    i.LEDToggle         interface.o
    0x08000e40   0x00000064   Code   RO          383    i.LcdWriteCom       lcd1602.o
    0x08000ea4   0x00000064   Code   RO          384    i.LcdWriteDate      lcd1602.o
    0x08000f08   0x00000002   Code   RO          100    i.MemManage_Handler  stm32f10x_it.o
    0x08000f0a   0x00000002   PAD
    0x08000f0c   0x00000090   Code   RO          324    i.MotorGPIO_Configuration  motor.o
    0x08000f9c   0x0000000e   Code   RO          325    i.MotorInit         motor.o
    0x08000faa   0x00000002   Code   RO          101    i.NMI_Handler       stm32f10x_it.o
    0x08000fac   0x00000064   Code   RO          735    i.NVIC_Init         misc.o
    0x08001010   0x00000014   Code   RO          736    i.NVIC_PriorityGroupConfig  misc.o
    0x08001024   0x00000002   Code   RO          102    i.PendSV_Handler    stm32f10x_it.o
    0x08001026   0x00000002   PAD
    0x08001028   0x00000020   Code   RO          180    i.PutChar           uart.o
    0x08001048   0x00000054   Code   RO          181    i.PutDbgStrln       uart.o
    0x0800109c   0x00000018   Code   RO         2291    i.RCC_APB1PeriphClockCmd  stm32f10x_rcc.o
    0x080010b4   0x00000018   Code   RO         2293    i.RCC_APB2PeriphClockCmd  stm32f10x_rcc.o
    0x080010cc   0x00000094   Code   RO         2301    i.RCC_GetClocksFreq  stm32f10x_rcc.o
    0x08001160   0x00000002   Code   RO          103    i.SVC_Handler       stm32f10x_it.o
    0x08001162   0x00000002   PAD
    0x08001164   0x0000001c   Code   RO          629    i.SerialAvailable   serialportapi.o
    0x08001180   0x00000040   Code   RO          630    i.SerialInt         serialportapi.o
    0x080011c0   0x00000048   Code   RO          631    i.SerialPrint       serialportapi.o
    0x08001208   0x0000001c   Code   RO          632    i.SerialPrintln     serialportapi.o
    0x08001224   0x00000034   Code   RO          633    i.SerialRead        serialportapi.o
    0x08001258   0x00000030   Code   RO          226    i.ServoInit         interface.o
    0x08001288   0x00000048   Code   RO          421    i.SetBaud           esp8266.o
    0x080012d0   0x000000a8   Code   RO         3698    i.SetSysClockTo72   system_stm32f10x.o
    0x08001378   0x00000014   Code   RO          693    i.StringAddchar     stringapiext.o
    0x0800138c   0x00000014   Code   RO          694    i.StringIndex       stringapiext.o
    0x080013a0   0x0000002a   Code   RO          695    i.StringIndexCharOffset  stringapiext.o
    0x080013ca   0x00000004   Code   RO          696    i.StringLenth       stringapiext.o
    0x080013ce   0x0000003c   Code   RO          697    i.StringSubstring   stringapiext.o
    0x0800140a   0x00000002   Code   RO          104    i.SysTick_Handler   stm32f10x_it.o
    0x0800140c   0x00000040   Code   RO         3700    i.SystemInit        system_stm32f10x.o
    0x0800144c   0x0000005c   Code   RO          105    i.TIM2_IRQHandler   stm32f10x_it.o
    0x080014a8   0x00000062   Code   RO          227    i.TIM2_Init         interface.o
    0x0800150a   0x00000006   Code   RO         2926    i.TIM_ClearITPendingBit  stm32f10x_tim.o
    0x08001510   0x00000014   Code   RO         2931    i.TIM_Cmd           stm32f10x_tim.o
    0x08001524   0x00000018   Code   RO         2952    i.TIM_GetITStatus   stm32f10x_tim.o
    0x0800153c   0x00000010   Code   RO         2956    i.TIM_ITConfig      stm32f10x_tim.o
    0x0800154c   0x0000009c   Code   RO         3002    i.TIM_TimeBaseInit  stm32f10x_tim.o
    0x080015e8   0x00000084   Code   RO          184    i.USART1Conf        uart.o
    0x0800166c   0x000000b8   Code   RO          185    i.USART3Conf        uart.o
    0x08001724   0x00000034   Code   RO          106    i.USART3_IRQHandler  stm32f10x_it.o
    0x08001758   0x00000006   Code   RO         3450    i.USART_ClearFlag   stm32f10x_usart.o
    0x0800175e   0x0000000c   Code   RO         3451    i.USART_ClearITPendingBit  stm32f10x_usart.o
    0x0800176a   0x00000014   Code   RO         3454    i.USART_Cmd         stm32f10x_usart.o
    0x0800177e   0x0000000e   Code   RO         3457    i.USART_GetFlagStatus  stm32f10x_usart.o
    0x0800178c   0x0000003e   Code   RO         3458    i.USART_GetITStatus  stm32f10x_usart.o
    0x080017ca   0x00000030   Code   RO         3460    i.USART_ITConfig    stm32f10x_usart.o
    0x080017fa   0x00000002   PAD
    0x080017fc   0x000000ac   Code   RO         3461    i.USART_Init        stm32f10x_usart.o
    0x080018a8   0x00000008   Code   RO         3468    i.USART_ReceiveData  stm32f10x_usart.o
    0x080018b0   0x00000008   Code   RO         3471    i.USART_SendData    stm32f10x_usart.o
    0x080018b8   0x0000000c   Code   RO          635    i.UartBegin         serialportapi.o
    0x080018c4   0x00000002   Code   RO          107    i.UsageFault_Handler  stm32f10x_it.o
    0x080018c6   0x00000002   PAD
    0x080018c8   0x00000030   Code   RO          228    i.UserLEDInit       interface.o
    0x080018f8   0x00000108   Code   RO          422    i.WifiInit          esp8266.o
    0x08001a00   0x00000010   Code   RO          424    i.createTCP         esp8266.o
    0x08001a10   0x00000014   Code   RO          425    i.delay             esp8266.o
    0x08001a24   0x0000000e   Code   RO          229    i.delay_init        interface.o
    0x08001a32   0x00000002   PAD
    0x08001a34   0x00000064   Code   RO          426    i.disableMUX        esp8266.o
    0x08001a98   0x00000074   Code   RO          428    i.getSystemStatus   esp8266.o
    0x08001b0c   0x00000004   Code   RO          429    i.joinAP            esp8266.o
    0x08001b10   0x000001e4   Code   RO            1    i.main              main.o
    0x08001cf4   0x00000010   Code   RO          432    i.recv              esp8266.o
    0x08001d04   0x00000028   Code   RO          433    i.recvFind          esp8266.o
    0x08001d2c   0x00000068   Code   RO          434    i.recvFindAndFilter  esp8266.o
    0x08001d94   0x00000128   Code   RO          435    i.recvPkg           esp8266.o
    0x08001ebc   0x00000044   Code   RO          436    i.recvString        esp8266.o
    0x08001f00   0x00000054   Code   RO          437    i.recvString2       esp8266.o
    0x08001f54   0x00000074   Code   RO          438    i.restart           esp8266.o
    0x08001fc8   0x000000f8   Code   RO          440    i.sATCIPSTARTSingle  esp8266.o
    0x080020c0   0x0000007c   Code   RO          441    i.sATCWJAP          esp8266.o
    0x0800213c   0x0000006c   Code   RO          442    i.sATCWMODE         esp8266.o
    0x080021a8   0x00000070   Code   RO          444    i.setOprToStationSoftAP  esp8266.o
    0x08002218   0x00000010   Code   RO          447    i.timer1msINT       esp8266.o
    0x08002228   0x0000002c   Code   RO         4012    locale$$code        c_w.l(lc_ctype_c.o)
    0x08002254   0x00000015   Data   RO          385    .constdata          lcd1602.o
    0x08002269   0x00000003   PAD
    0x0800226c   0x00000020   Data   RO         4089    Region$$Table       anon$$obj.o
    0x0800228c   0x00000110   Data   RO         4011    locale$$data        c_w.l(lc_ctype_c.o)


    Execution Region RW_IRAM1 (Base: 0x20000000, Size: 0x00000770, Max: 0x00010000, ABSOLUTE)

    Base Addr    Size         Type   Attr      Idx    E Section Name        Object

    0x20000000   0x00000004   Data   RW            3    .data               main.o
    0x20000004   0x00000001   Data   RW            4    .data               main.o
    0x20000005   0x00000001   Data   RW            5    .data               main.o
    0x20000006   0x00000001   Data   RW            6    .data               main.o
    0x20000007   0x00000001   Data   RW            7    .data               main.o
    0x20000008   0x0000000c   Data   RW            8    .data               main.o
    0x20000014   0x00000001   Data   RW            9    .data               main.o
    0x20000015   0x00000003   PAD
    0x20000018   0x00000004   Data   RW          449    .data               esp8266.o
    0x2000001c   0x0000000c   Data   RW          637    .data               serialportapi.o
    0x20000028   0x00000014   Data   RW         2321    .data               stm32f10x_rcc.o
    0x2000003c   0x00000010   Zero   RW            2    .bss                main.o
    0x2000004c   0x00000060   Zero   RW          448    .bss                esp8266.o
    0x200000ac   0x00000060   Zero   RW          636    .bss                serialportapi.o
    0x2000010c   0x00000060   Zero   RW         3951    .bss                c_w.l(libspace.o)
    0x2000016c   0x00000004   PAD
    0x20000170   0x00000200   Zero   RW         3741    HEAP                startup_stm32f10x_hd.o
    0x20000370   0x00000400   Zero   RW         3740    STACK               startup_stm32f10x_hd.o


==============================================================================

Image component sizes


      Code (inc. data)   RO Data    RW Data    ZI Data      Debug   Object Name

         0          0          0          0          0         32   core_cm3.o
      1924        456          0          4         96      14804   esp8266.o
       340         18          0          0          0       4342   interface.o
       428         34         21          0          0       3459   lcd1602.o
       484        134          0         21         16     253399   main.o
       120         16          0          0          0       1559   misc.o
       686        134          0          0          0       4425   motor.o
       272         48          0         12         96       4813   serialportapi.o
        64         26        304          0       1536        796   startup_stm32f10x_hd.o
       164          0          0          0          0       2908   stm32f10x_gpio.o
       162         18          0          0          0       5272   stm32f10x_it.o
       196         28          0         20          0       4554   stm32f10x_rcc.o
       222         42          0          0          0       4533   stm32f10x_tim.o
       350          6          0          0          0       7141   stm32f10x_usart.o
       146          0          0          0          0       2974   stringapiext.o
       232         20          0          0          0       1585   system_stm32f10x.o
       432         30          0          0          0       2346   uart.o

    ----------------------------------------------------------------------
      6234       1010        360         60       1744     318942   Object Totals
         0          0         32          0          0          0   (incl. Generated)
        12          0          3          3          0          0   (incl. Padding)

    ----------------------------------------------------------------------

      Code (inc. data)   RO Data    RW Data    ZI Data      Debug   Library Member Name

         8          0          0          0          0         68   __main.o
       104          0          0          0          0         84   __printf.o
         0          0          0          0          0          0   __rtentry.o
        12          0          0          0          0          0   __rtentry2.o
         6          0          0          0          0          0   __rtentry4.o
        52          8          0          0          0          0   __scatter.o
        26          0          0          0          0          0   __scatter_copy.o
        28          0          0          0          0          0   __scatter_zi.o
        28          0          0          0          0         68   _chval.o
        48          6          0          0          0         96   _printf_char_common.o
         6          0          0          0          0          0   _printf_d.o
       120         16          0          0          0         92   _printf_dec.o
       178          0          0          0          0         88   _printf_intcommon.o
         0          0          0          0          0          0   _printf_percent.o
         4          0          0          0          0          0   _printf_percent_end.o
        10          0          0          0          0         68   _sputc.o
       158          0          0          0          0         92   _strtoul.o
        26          0          0          0          0         80   atoi.o
        10          0          0          0          0         68   defsig_exit.o
        50          0          0          0          0         88   defsig_general.o
        80         58          0          0          0         76   defsig_rtmem_inner.o
        14          0          0          0          0         80   defsig_rtmem_outer.o
        12          0          0          0          0         72   exit.o
        94          0          0          0          0         80   h1_alloc.o
        52          0          0          0          0         68   h1_extend.o
        78          0          0          0          0         80   h1_free.o
        14          0          0          0          0         84   h1_init.o
         6          0          0          0          0        152   heapauxi.o
         4          0          0          0          0        136   hguard.o
         0          0          0          0          0          0   indicate_semi.o
       138          0          0          0          0        168   init_alloc.o
        44         10        272          0          0         76   lc_ctype_c.o
         2          0          0          0          0          0   libinit.o
        28          0          0          0          0          0   libinit2.o
         2          0          0          0          0          0   libshutdown.o
         2          0          0          0          0          0   libshutdown2.o
         8          4          0          0         96         68   libspace.o
         0          0          0          0          0          0   maybetermalloc1.o
        40          6          0          0          0         84   noretval__2sprintf.o
        16          4          0          0          0         76   rt_ctype_table.o
         8          4          0          0          0         68   rt_errno_addr_intlibspace.o
         8          4          0          0          0         68   rt_heap_descriptor_intlibspace.o
         8          4          0          0          0         68   rt_locale_intlibspace.o
        68          0          0          0          0         68   rt_memclr.o
        78          0          0          0          0         80   rt_memclr_w.o
         2          0          0          0          0          0   rtexit.o
        10          0          0          0          0          0   rtexit2.o
        20          0          0          0          0         68   strchr.o
       128          0          0          0          0         68   strcmpv7m.o
        62          0          0          0          0         76   strlen.o
        86          0          0          0          0         76   strncpy.o
        36          0          0          0          0         80   strstr.o
       112          0          0          0          0         88   strtol.o
        12          4          0          0          0         68   sys_exit.o
        74          0          0          0          0         80   sys_stackheap_outer.o
        14          0          0          0          0         76   sys_wrch.o
         2          0          0          0          0         68   use_no_semi.o

    ----------------------------------------------------------------------
      2250        128        272          0        100       3292   Library Totals
        14          0          0          0          4          0   (incl. Padding)

    ----------------------------------------------------------------------

      Code (inc. data)   RO Data    RW Data    ZI Data      Debug   Library Name

      2236        128        272          0         96       3292   c_w.l

    ----------------------------------------------------------------------
      2250        128        272          0        100       3292   Library Totals

    ----------------------------------------------------------------------

==============================================================================


      Code (inc. data)   RO Data    RW Data    ZI Data      Debug   

      8484       1138        632         60       1844     315782   Grand Totals
      8484       1138        632         60       1844     315782   ELF Image Totals
      8484       1138        632         60          0          0   ROM Totals

==============================================================================

    Total RO  Size (Code + RO Data)                 9116 (   8.90kB)
    Total RW  Size (RW Data + ZI Data)              1904 (   1.86kB)
    Total ROM Size (Code + RO Data + RW Data)       9176 (   8.96kB)

==============================================================================

